[2026-02-28T21:54:08.224+0500] {manager.py:487} INFO - Processing files using up to 1 processes at a time 
[2026-02-28T21:54:08.225+0500] {manager.py:488} INFO - Process each file at most once every 30 seconds
[2026-02-28T21:54:08.225+0500] {manager.py:489} INFO - Checking for new files in /Users/abdurrehmansubhani/Desktop/Abdullah/8th semester/NLP/Assignment 1/22i-2504-22i-2428-NLP-A1/airflow_home/dags every 300 seconds
[2026-02-28T21:54:08.225+0500] {manager.py:755} INFO - Searching for files in /Users/abdurrehmansubhani/Desktop/Abdullah/8th semester/NLP/Assignment 1/22i-2504-22i-2428-NLP-A1/airflow_home/dags
[2026-02-28T21:54:08.254+0500] {manager.py:758} INFO - There are 47 files in /Users/abdurrehmansubhani/Desktop/Abdullah/8th semester/NLP/Assignment 1/22i-2504-22i-2428-NLP-A1/airflow_home/dags
[2026-02-28T21:54:09.307+0500] {manager.py:887} INFO - 
================================================================================
DAG File Processing Stats

File Path                                                                                                                             PID    Runtime      # DAGs    # Errors  Last Runtime    Last Run
------------------------------------------------------------------------------------------------------------------------------------  -----  ---------  --------  ----------  --------------  -------------------
/opt/homebrew/lib/python3.11/site-packages/airflow/example_dags/example_latest_only.py                                                                         0           0
/opt/homebrew/lib/python3.11/site-packages/airflow/example_dags/example_local_kubernetes_executor.py                                                           0           0
/opt/homebrew/lib/python3.11/site-packages/airflow/example_dags/example_task_group_decorator.py                                                                0           0
/opt/homebrew/lib/python3.11/site-packages/airflow/example_dags/example_complex.py                                                                             0           0
/opt/homebrew/lib/python3.11/site-packages/airflow/example_dags/example_python_operator.py                                                                     0           0
/opt/homebrew/lib/python3.11/site-packages/airflow/example_dags/tutorial_taskflow_api_virtualenv.py                                                            0           0
/opt/homebrew/lib/python3.11/site-packages/airflow/example_dags/example_params_trigger_ui.py                                                                   0           0
/opt/homebrew/lib/python3.11/site-packages/airflow/example_dags/example_external_task_marker_dag.py                                                            0           0
/opt/homebrew/lib/python3.11/site-packages/airflow/example_dags/example_bash_operator.py                                                                       0           0
/opt/homebrew/lib/python3.11/site-packages/airflow/example_dags/example_short_circuit_operator.py                                                              0           0
/opt/homebrew/lib/python3.11/site-packages/airflow/example_dags/example_setup_teardown.py                                                                      0           0
/opt/homebrew/lib/python3.11/site-packages/airflow/example_dags/example_branch_operator.py                                                                     0           0
/opt/homebrew/lib/python3.11/site-packages/airflow/example_dags/example_branch_labels.py                                                                       0           0
/opt/homebrew/lib/python3.11/site-packages/airflow/example_dags/tutorial_taskflow_api.py                                                                       0           0
/opt/homebrew/lib/python3.11/site-packages/airflow/example_dags/example_task_group.py                                                                          0           0
/opt/homebrew/lib/python3.11/site-packages/airflow/example_dags/tutorial.py                                                                                    0           0
/opt/homebrew/lib/python3.11/site-packages/airflow/example_dags/example_sla_dag.py                                                                             0           0
/opt/homebrew/lib/python3.11/site-packages/airflow/example_dags/example_passing_params_via_test_command.py                                                     0           0
/opt/homebrew/lib/python3.11/site-packages/airflow/example_dags/example_latest_only_with_trigger.py                                                            0           0
/opt/homebrew/lib/python3.11/site-packages/airflow/example_dags/example_time_delta_sensor_async.py                                                             0           0
/opt/homebrew/lib/python3.11/site-packages/airflow/example_dags/example_dag_decorator.py                                                                       0           0
/opt/homebrew/lib/python3.11/site-packages/airflow/example_dags/example_xcom.py                                                                                0           0
/opt/homebrew/lib/python3.11/site-packages/airflow/example_dags/example_xcomargs.py                                                                            0           0
/opt/homebrew/lib/python3.11/site-packages/airflow/example_dags/example_branch_operator_decorator.py                                                           0           0
/opt/homebrew/lib/python3.11/site-packages/airflow/example_dags/example_branch_day_of_week_operator.py                                                         0           0
/opt/homebrew/lib/python3.11/site-packages/airflow/example_dags/example_skip_dag.py                                                                            0           0
/opt/homebrew/lib/python3.11/site-packages/airflow/example_dags/example_short_circuit_decorator.py                                                             0           0
/opt/homebrew/lib/python3.11/site-packages/airflow/example_dags/example_datasets.py                                                                            0           0
/opt/homebrew/lib/python3.11/site-packages/airflow/example_dags/tutorial_dag.py                                                                                0           0
/opt/homebrew/lib/python3.11/site-packages/airflow/example_dags/example_trigger_target_dag.py                                                                  0           0
/opt/homebrew/lib/python3.11/site-packages/airflow/example_dags/example_sensor_decorator.py                                                                    0           0
/opt/homebrew/lib/python3.11/site-packages/airflow/example_dags/example_kubernetes_executor.py                                                                 0           0
/opt/homebrew/lib/python3.11/site-packages/airflow/example_dags/example_branch_python_dop_operator_3.py                                                        0           0
/opt/homebrew/lib/python3.11/site-packages/airflow/example_dags/example_sensors.py                                                                             0           0
/opt/homebrew/lib/python3.11/site-packages/airflow/example_dags/example_setup_teardown_taskflow.py                                                             0           0
/opt/homebrew/lib/python3.11/site-packages/airflow/example_dags/example_branch_datetime_operator.py                                                            0           0
/opt/homebrew/lib/python3.11/site-packages/airflow/example_dags/example_nested_branch_dag.py                                                                   0           0
/opt/homebrew/lib/python3.11/site-packages/airflow/example_dags/example_subdag_operator.py                                                                     0           0
/opt/homebrew/lib/python3.11/site-packages/airflow/example_dags/example_dynamic_task_mapping_with_no_taskflow_operators.py                                     0           0
/opt/homebrew/lib/python3.11/site-packages/airflow/example_dags/example_trigger_controller_dag.py                                                              0           0
/opt/homebrew/lib/python3.11/site-packages/airflow/example_dags/example_params_ui_tutorial.py                                                                  0           0
/opt/homebrew/lib/python3.11/site-packages/airflow/example_dags/example_dynamic_task_mapping.py                                                                0           0
/opt/homebrew/lib/python3.11/site-packages/airflow/example_dags/plugins/workday.py                                                                             0           0
/opt/homebrew/lib/python3.11/site-packages/airflow/example_dags/plugins/event_listener.py                                                                      0           0
/opt/homebrew/lib/python3.11/site-packages/airflow/example_dags/plugins/listener_plugin.py                                                                     0           0
/opt/homebrew/lib/python3.11/site-packages/airflow/example_dags/subdags/subdag.py                                                                              0           0
/Users/abdurrehmansubhani/Desktop/Abdullah/8th semester/NLP/Assignment 1/22i-2504-22i-2428-NLP-A1/airflow_home/dags/nlp_trend_dag.py                           1           0  1.01s           2026-02-28T16:54:09
================================================================================
[2026-02-28T21:54:40.830+0500] {manager.py:887} INFO - 
================================================================================
DAG File Processing Stats

File Path                                                                                                                             PID    Runtime      # DAGs    # Errors  Last Runtime    Last Run
------------------------------------------------------------------------------------------------------------------------------------  -----  ---------  --------  ----------  --------------  -------------------
/opt/homebrew/lib/python3.11/site-packages/airflow/example_dags/example_latest_only.py                                                                         0           0
/opt/homebrew/lib/python3.11/site-packages/airflow/example_dags/example_local_kubernetes_executor.py                                                           0           0
/opt/homebrew/lib/python3.11/site-packages/airflow/example_dags/example_complex.py                                                                             0           0
/opt/homebrew/lib/python3.11/site-packages/airflow/example_dags/example_python_operator.py                                                                     0           0
/opt/homebrew/lib/python3.11/site-packages/airflow/example_dags/tutorial_taskflow_api_virtualenv.py                                                            0           0  0.84s           2026-02-28T16:54:19
/opt/homebrew/lib/python3.11/site-packages/airflow/example_dags/example_params_trigger_ui.py                                                                   0           0
/opt/homebrew/lib/python3.11/site-packages/airflow/example_dags/example_external_task_marker_dag.py                                                            0           0
/opt/homebrew/lib/python3.11/site-packages/airflow/example_dags/example_bash_operator.py                                                                       0           0
/opt/homebrew/lib/python3.11/site-packages/airflow/example_dags/example_short_circuit_operator.py                                                              0           0
/opt/homebrew/lib/python3.11/site-packages/airflow/example_dags/example_setup_teardown.py                                                                      0           0
/opt/homebrew/lib/python3.11/site-packages/airflow/example_dags/example_branch_operator.py                                                                     0           0
/opt/homebrew/lib/python3.11/site-packages/airflow/example_dags/example_branch_labels.py                                                                       0           0
/opt/homebrew/lib/python3.11/site-packages/airflow/example_dags/example_sla_dag.py                                                                             0           0
/opt/homebrew/lib/python3.11/site-packages/airflow/example_dags/example_passing_params_via_test_command.py                                                     0           0
/opt/homebrew/lib/python3.11/site-packages/airflow/example_dags/example_latest_only_with_trigger.py                                                            0           0
/opt/homebrew/lib/python3.11/site-packages/airflow/example_dags/example_dag_decorator.py                                                                       0           0
/opt/homebrew/lib/python3.11/site-packages/airflow/example_dags/example_branch_operator_decorator.py                                                           0           0
/opt/homebrew/lib/python3.11/site-packages/airflow/example_dags/example_branch_day_of_week_operator.py                                                         0           0
/opt/homebrew/lib/python3.11/site-packages/airflow/example_dags/example_skip_dag.py                                                                            0           0
/opt/homebrew/lib/python3.11/site-packages/airflow/example_dags/example_short_circuit_decorator.py                                                             0           0
/opt/homebrew/lib/python3.11/site-packages/airflow/example_dags/example_datasets.py                                                                            0           0
/opt/homebrew/lib/python3.11/site-packages/airflow/example_dags/example_sensor_decorator.py                                                                    0           0
/opt/homebrew/lib/python3.11/site-packages/airflow/example_dags/example_kubernetes_executor.py                                                                 0           0
/opt/homebrew/lib/python3.11/site-packages/airflow/example_dags/example_branch_python_dop_operator_3.py                                                        0           0
/opt/homebrew/lib/python3.11/site-packages/airflow/example_dags/example_sensors.py                                                                             0           0
/opt/homebrew/lib/python3.11/site-packages/airflow/example_dags/example_setup_teardown_taskflow.py                                                             0           0
/opt/homebrew/lib/python3.11/site-packages/airflow/example_dags/example_branch_datetime_operator.py                                                            0           0
/opt/homebrew/lib/python3.11/site-packages/airflow/example_dags/example_nested_branch_dag.py                                                                   0           0
/opt/homebrew/lib/python3.11/site-packages/airflow/example_dags/example_dynamic_task_mapping_with_no_taskflow_operators.py                                     0           0
/opt/homebrew/lib/python3.11/site-packages/airflow/example_dags/example_params_ui_tutorial.py                                                                  0           0
/opt/homebrew/lib/python3.11/site-packages/airflow/example_dags/example_dynamic_task_mapping.py                                                                0           0
/opt/homebrew/lib/python3.11/site-packages/airflow/example_dags/plugins/workday.py                                                                             0           0  1.55s           2026-02-28T16:54:13
/opt/homebrew/lib/python3.11/site-packages/airflow/example_dags/plugins/event_listener.py                                                                      0           0  0.78s           2026-02-28T16:54:17
/opt/homebrew/lib/python3.11/site-packages/airflow/example_dags/plugins/listener_plugin.py                                                                     0           0  0.97s           2026-02-28T16:54:15
/opt/homebrew/lib/python3.11/site-packages/airflow/example_dags/subdags/subdag.py                                                                              0           0  0.86s           2026-02-28T16:54:11
/Users/abdurrehmansubhani/Desktop/Abdullah/8th semester/NLP/Assignment 1/22i-2504-22i-2428-NLP-A1/airflow_home/dags/nlp_trend_dag.py                           1           0  1.01s           2026-02-28T16:54:09
/opt/homebrew/lib/python3.11/site-packages/airflow/example_dags/example_task_group_decorator.py                                                                1           0  1.02s           2026-02-28T16:54:37
/opt/homebrew/lib/python3.11/site-packages/airflow/example_dags/tutorial_taskflow_api.py                                                                       1           0  0.77s           2026-02-28T16:54:21
/opt/homebrew/lib/python3.11/site-packages/airflow/example_dags/example_task_group.py                                                                          1           0  0.77s           2026-02-28T16:54:38
/opt/homebrew/lib/python3.11/site-packages/airflow/example_dags/tutorial.py                                                                                    1           0  0.73s           2026-02-28T16:54:24
/opt/homebrew/lib/python3.11/site-packages/airflow/example_dags/example_time_delta_sensor_async.py                                                             1           0  0.94s           2026-02-28T16:54:35
/opt/homebrew/lib/python3.11/site-packages/airflow/example_dags/example_xcom.py                                                                                1           0  1.27s           2026-02-28T16:54:28
/opt/homebrew/lib/python3.11/site-packages/airflow/example_dags/tutorial_dag.py                                                                                1           0  0.83s           2026-02-28T16:54:23
/opt/homebrew/lib/python3.11/site-packages/airflow/example_dags/example_trigger_target_dag.py                                                                  1           0  1.46s           2026-02-28T16:54:31
/opt/homebrew/lib/python3.11/site-packages/airflow/example_dags/example_trigger_controller_dag.py                                                              1           0  0.73s           2026-02-28T16:54:33
/opt/homebrew/lib/python3.11/site-packages/airflow/example_dags/example_xcomargs.py                                                                            2           0  0.89s           2026-02-28T16:54:26
/opt/homebrew/lib/python3.11/site-packages/airflow/example_dags/example_subdag_operator.py                                                                     3           0  0.83s           2026-02-28T16:54:40
================================================================================
[2026-02-28T21:55:11.352+0500] {manager.py:887} INFO - 
================================================================================
DAG File Processing Stats

File Path                                                                                                                             PID    Runtime      # DAGs    # Errors  Last Runtime    Last Run
------------------------------------------------------------------------------------------------------------------------------------  -----  ---------  --------  ----------  --------------  -------------------
/opt/homebrew/lib/python3.11/site-packages/airflow/example_dags/example_local_kubernetes_executor.py                                                           0           0  0.97s           2026-02-28T16:55:05
/opt/homebrew/lib/python3.11/site-packages/airflow/example_dags/example_complex.py                                                                             0           0
/opt/homebrew/lib/python3.11/site-packages/airflow/example_dags/tutorial_taskflow_api_virtualenv.py                                                            0           0  0.84s           2026-02-28T16:54:19
/opt/homebrew/lib/python3.11/site-packages/airflow/example_dags/example_external_task_marker_dag.py                                                            0           0
/opt/homebrew/lib/python3.11/site-packages/airflow/example_dags/example_bash_operator.py                                                                       0           0
/opt/homebrew/lib/python3.11/site-packages/airflow/example_dags/example_branch_operator.py                                                                     0           0
/opt/homebrew/lib/python3.11/site-packages/airflow/example_dags/example_branch_labels.py                                                                       0           0
/opt/homebrew/lib/python3.11/site-packages/airflow/example_dags/example_dag_decorator.py                                                                       0           0
/opt/homebrew/lib/python3.11/site-packages/airflow/example_dags/example_branch_operator_decorator.py                                                           0           0
/opt/homebrew/lib/python3.11/site-packages/airflow/example_dags/example_branch_day_of_week_operator.py                                                         0           0
/opt/homebrew/lib/python3.11/site-packages/airflow/example_dags/example_datasets.py                                                                            0           0
/opt/homebrew/lib/python3.11/site-packages/airflow/example_dags/example_kubernetes_executor.py                                                                 0           0  0.75s           2026-02-28T16:55:11
/opt/homebrew/lib/python3.11/site-packages/airflow/example_dags/example_branch_python_dop_operator_3.py                                                        0           0
/opt/homebrew/lib/python3.11/site-packages/airflow/example_dags/example_branch_datetime_operator.py                                                            0           0
/opt/homebrew/lib/python3.11/site-packages/airflow/example_dags/example_dynamic_task_mapping_with_no_taskflow_operators.py                                     0           0
/opt/homebrew/lib/python3.11/site-packages/airflow/example_dags/example_dynamic_task_mapping.py                                                                0           0
/opt/homebrew/lib/python3.11/site-packages/airflow/example_dags/plugins/workday.py                                                                             0           0  1.55s           2026-02-28T16:54:13
/opt/homebrew/lib/python3.11/site-packages/airflow/example_dags/plugins/event_listener.py                                                                      0           0  0.78s           2026-02-28T16:54:17
/opt/homebrew/lib/python3.11/site-packages/airflow/example_dags/plugins/listener_plugin.py                                                                     0           0  0.97s           2026-02-28T16:54:15
/opt/homebrew/lib/python3.11/site-packages/airflow/example_dags/subdags/subdag.py                                                                              0           0  0.86s           2026-02-28T16:54:11
/Users/abdurrehmansubhani/Desktop/Abdullah/8th semester/NLP/Assignment 1/22i-2504-22i-2428-NLP-A1/airflow_home/dags/nlp_trend_dag.py                           1           0  1.01s           2026-02-28T16:54:09
/opt/homebrew/lib/python3.11/site-packages/airflow/example_dags/example_latest_only.py                                                                         1           0  0.94s           2026-02-28T16:55:09
/opt/homebrew/lib/python3.11/site-packages/airflow/example_dags/example_task_group_decorator.py                                                                1           0  1.02s           2026-02-28T16:54:37
/opt/homebrew/lib/python3.11/site-packages/airflow/example_dags/example_python_operator.py                                                                     1           0  0.96s           2026-02-28T16:54:57
/opt/homebrew/lib/python3.11/site-packages/airflow/example_dags/example_params_trigger_ui.py                                                                   1           0  0.81s           2026-02-28T16:55:02
/opt/homebrew/lib/python3.11/site-packages/airflow/example_dags/example_short_circuit_operator.py                                                              1           0  0.92s           2026-02-28T16:54:46
/opt/homebrew/lib/python3.11/site-packages/airflow/example_dags/example_setup_teardown.py                                                                      1           0  1.25s           2026-02-28T16:54:52
/opt/homebrew/lib/python3.11/site-packages/airflow/example_dags/tutorial_taskflow_api.py                                                                       1           0  0.77s           2026-02-28T16:54:21
/opt/homebrew/lib/python3.11/site-packages/airflow/example_dags/example_task_group.py                                                                          1           0  0.77s           2026-02-28T16:54:38
/opt/homebrew/lib/python3.11/site-packages/airflow/example_dags/tutorial.py                                                                                    1           0  0.73s           2026-02-28T16:54:24
/opt/homebrew/lib/python3.11/site-packages/airflow/example_dags/example_sla_dag.py                                                                             1           0  0.87s           2026-02-28T16:54:42
/opt/homebrew/lib/python3.11/site-packages/airflow/example_dags/example_passing_params_via_test_command.py                                                     1           0  0.79s           2026-02-28T16:54:59
/opt/homebrew/lib/python3.11/site-packages/airflow/example_dags/example_latest_only_with_trigger.py                                                            1           0  0.83s           2026-02-28T16:55:07
/opt/homebrew/lib/python3.11/site-packages/airflow/example_dags/example_time_delta_sensor_async.py                                                             1           0  0.94s           2026-02-28T16:54:35
/opt/homebrew/lib/python3.11/site-packages/airflow/example_dags/example_xcom.py                                                                                1           0  1.27s           2026-02-28T16:54:28
/opt/homebrew/lib/python3.11/site-packages/airflow/example_dags/example_skip_dag.py                                                                            1           0  0.86s           2026-02-28T16:54:44
/opt/homebrew/lib/python3.11/site-packages/airflow/example_dags/example_short_circuit_decorator.py                                                             1           0  0.95s           2026-02-28T16:54:48
/opt/homebrew/lib/python3.11/site-packages/airflow/example_dags/tutorial_dag.py                                                                                1           0  0.83s           2026-02-28T16:54:23
/opt/homebrew/lib/python3.11/site-packages/airflow/example_dags/example_trigger_target_dag.py                                                                  1           0  1.46s           2026-02-28T16:54:31
/opt/homebrew/lib/python3.11/site-packages/airflow/example_dags/example_sensor_decorator.py                                                                    1           0  0.92s           2026-02-28T16:54:55
/opt/homebrew/lib/python3.11/site-packages/airflow/example_dags/example_sensors.py                                                                             1           0  0.86s           2026-02-28T16:54:53
/opt/homebrew/lib/python3.11/site-packages/airflow/example_dags/example_setup_teardown_taskflow.py                                                             1           0  0.82s           2026-02-28T16:54:49
/opt/homebrew/lib/python3.11/site-packages/airflow/example_dags/example_nested_branch_dag.py                                                                   1           0  0.76s           2026-02-28T16:55:04
/opt/homebrew/lib/python3.11/site-packages/airflow/example_dags/example_trigger_controller_dag.py                                                              1           0  0.73s           2026-02-28T16:54:33
/opt/homebrew/lib/python3.11/site-packages/airflow/example_dags/example_params_ui_tutorial.py                                                                  1           0  0.84s           2026-02-28T16:55:00
/opt/homebrew/lib/python3.11/site-packages/airflow/example_dags/example_xcomargs.py                                                                            2           0  0.89s           2026-02-28T16:54:26
/opt/homebrew/lib/python3.11/site-packages/airflow/example_dags/example_subdag_operator.py                                                                     3           0  0.83s           2026-02-28T16:54:40
================================================================================
[2026-02-28T21:55:42.609+0500] {manager.py:887} INFO - 
================================================================================
DAG File Processing Stats

File Path                                                                                                                             PID    Runtime      # DAGs    # Errors  Last Runtime    Last Run
------------------------------------------------------------------------------------------------------------------------------------  -----  ---------  --------  ----------  --------------  -------------------
/opt/homebrew/lib/python3.11/site-packages/airflow/example_dags/example_local_kubernetes_executor.py                                                           0           0  0.97s           2026-02-28T16:55:05
/opt/homebrew/lib/python3.11/site-packages/airflow/example_dags/tutorial_taskflow_api_virtualenv.py                                                            0           0  0.84s           2026-02-28T16:54:19
/opt/homebrew/lib/python3.11/site-packages/airflow/example_dags/example_kubernetes_executor.py                                                                 0           0  0.75s           2026-02-28T16:55:11
/opt/homebrew/lib/python3.11/site-packages/airflow/example_dags/plugins/workday.py                                                                             0           0  2.02s           2026-02-28T16:55:40
/opt/homebrew/lib/python3.11/site-packages/airflow/example_dags/plugins/event_listener.py                                                                      0           0  0.78s           2026-02-28T16:54:17
/opt/homebrew/lib/python3.11/site-packages/airflow/example_dags/plugins/listener_plugin.py                                                                     0           0  0.70s           2026-02-28T16:55:42
/opt/homebrew/lib/python3.11/site-packages/airflow/example_dags/subdags/subdag.py                                                                              0           0  0.75s           2026-02-28T16:55:37
/Users/abdurrehmansubhani/Desktop/Abdullah/8th semester/NLP/Assignment 1/22i-2504-22i-2428-NLP-A1/airflow_home/dags/nlp_trend_dag.py                           1           0  0.73s           2026-02-28T16:55:36
/opt/homebrew/lib/python3.11/site-packages/airflow/example_dags/example_latest_only.py                                                                         1           0  0.94s           2026-02-28T16:55:09
/opt/homebrew/lib/python3.11/site-packages/airflow/example_dags/example_task_group_decorator.py                                                                1           0  1.02s           2026-02-28T16:54:37
/opt/homebrew/lib/python3.11/site-packages/airflow/example_dags/example_complex.py                                                                             1           0  0.71s           2026-02-28T16:55:22
/opt/homebrew/lib/python3.11/site-packages/airflow/example_dags/example_python_operator.py                                                                     1           0  0.96s           2026-02-28T16:54:57
/opt/homebrew/lib/python3.11/site-packages/airflow/example_dags/example_params_trigger_ui.py                                                                   1           0  0.81s           2026-02-28T16:55:02
/opt/homebrew/lib/python3.11/site-packages/airflow/example_dags/example_bash_operator.py                                                                       1           0  0.76s           2026-02-28T16:55:34
/opt/homebrew/lib/python3.11/site-packages/airflow/example_dags/example_short_circuit_operator.py                                                              1           0  0.92s           2026-02-28T16:54:46
/opt/homebrew/lib/python3.11/site-packages/airflow/example_dags/example_setup_teardown.py                                                                      1           0  1.25s           2026-02-28T16:54:52
/opt/homebrew/lib/python3.11/site-packages/airflow/example_dags/example_branch_operator.py                                                                     1           0  0.76s           2026-02-28T16:55:27
/opt/homebrew/lib/python3.11/site-packages/airflow/example_dags/example_branch_labels.py                                                                       1           0  0.78s           2026-02-28T16:55:28
/opt/homebrew/lib/python3.11/site-packages/airflow/example_dags/tutorial_taskflow_api.py                                                                       1           0  0.77s           2026-02-28T16:54:21
/opt/homebrew/lib/python3.11/site-packages/airflow/example_dags/example_task_group.py                                                                          1           0  0.77s           2026-02-28T16:54:38
/opt/homebrew/lib/python3.11/site-packages/airflow/example_dags/tutorial.py                                                                                    1           0  0.73s           2026-02-28T16:54:24
/opt/homebrew/lib/python3.11/site-packages/airflow/example_dags/example_sla_dag.py                                                                             1           0  0.87s           2026-02-28T16:54:42
/opt/homebrew/lib/python3.11/site-packages/airflow/example_dags/example_passing_params_via_test_command.py                                                     1           0  0.79s           2026-02-28T16:54:59
/opt/homebrew/lib/python3.11/site-packages/airflow/example_dags/example_latest_only_with_trigger.py                                                            1           0  0.83s           2026-02-28T16:55:07
/opt/homebrew/lib/python3.11/site-packages/airflow/example_dags/example_time_delta_sensor_async.py                                                             1           0  0.94s           2026-02-28T16:54:35
/opt/homebrew/lib/python3.11/site-packages/airflow/example_dags/example_dag_decorator.py                                                                       1           0  1.27s           2026-02-28T16:55:21
/opt/homebrew/lib/python3.11/site-packages/airflow/example_dags/example_xcom.py                                                                                1           0  1.27s           2026-02-28T16:54:28
/opt/homebrew/lib/python3.11/site-packages/airflow/example_dags/example_branch_operator_decorator.py                                                           1           0  0.72s           2026-02-28T16:55:25
/opt/homebrew/lib/python3.11/site-packages/airflow/example_dags/example_branch_day_of_week_operator.py                                                         1           0  0.72s           2026-02-28T16:55:30
/opt/homebrew/lib/python3.11/site-packages/airflow/example_dags/example_skip_dag.py                                                                            1           0  0.86s           2026-02-28T16:54:44
/opt/homebrew/lib/python3.11/site-packages/airflow/example_dags/example_short_circuit_decorator.py                                                             1           0  0.95s           2026-02-28T16:54:48
/opt/homebrew/lib/python3.11/site-packages/airflow/example_dags/tutorial_dag.py                                                                                1           0  0.83s           2026-02-28T16:54:23
/opt/homebrew/lib/python3.11/site-packages/airflow/example_dags/example_trigger_target_dag.py                                                                  1           0  1.46s           2026-02-28T16:54:31
/opt/homebrew/lib/python3.11/site-packages/airflow/example_dags/example_sensor_decorator.py                                                                    1           0  0.92s           2026-02-28T16:54:55
/opt/homebrew/lib/python3.11/site-packages/airflow/example_dags/example_branch_python_dop_operator_3.py                                                        1           0  0.70s           2026-02-28T16:55:23
/opt/homebrew/lib/python3.11/site-packages/airflow/example_dags/example_sensors.py                                                                             1           0  0.86s           2026-02-28T16:54:53
/opt/homebrew/lib/python3.11/site-packages/airflow/example_dags/example_setup_teardown_taskflow.py                                                             1           0  0.82s           2026-02-28T16:54:49
/opt/homebrew/lib/python3.11/site-packages/airflow/example_dags/example_nested_branch_dag.py                                                                   1           0  0.76s           2026-02-28T16:55:04
/opt/homebrew/lib/python3.11/site-packages/airflow/example_dags/example_dynamic_task_mapping_with_no_taskflow_operators.py                                     1           0  0.77s           2026-02-28T16:55:14
/opt/homebrew/lib/python3.11/site-packages/airflow/example_dags/example_trigger_controller_dag.py                                                              1           0  0.73s           2026-02-28T16:54:33
/opt/homebrew/lib/python3.11/site-packages/airflow/example_dags/example_params_ui_tutorial.py                                                                  1           0  0.84s           2026-02-28T16:55:00
/opt/homebrew/lib/python3.11/site-packages/airflow/example_dags/example_dynamic_task_mapping.py                                                                1           0  0.76s           2026-02-28T16:55:16
/opt/homebrew/lib/python3.11/site-packages/airflow/example_dags/example_external_task_marker_dag.py                                                            2           0  0.77s           2026-02-28T16:55:13
/opt/homebrew/lib/python3.11/site-packages/airflow/example_dags/example_xcomargs.py                                                                            2           0  0.89s           2026-02-28T16:54:26
/opt/homebrew/lib/python3.11/site-packages/airflow/example_dags/example_branch_datetime_operator.py                                                            3           0  0.85s           2026-02-28T16:55:32
/opt/homebrew/lib/python3.11/site-packages/airflow/example_dags/example_subdag_operator.py                                                                     3           0  0.83s           2026-02-28T16:54:40
/opt/homebrew/lib/python3.11/site-packages/airflow/example_dags/example_datasets.py                                                                            6           0  0.99s           2026-02-28T16:55:18
================================================================================
[2026-02-28T21:55:54.012+0500] {manager.py:469} INFO - Exiting gracefully upon receiving signal 15
