/opt/homebrew/lib/python3.11/site-packages/airflow/serialization/pydantic/job.py:31 PydanticDeprecatedSince20: Support for class-based `config` is deprecated, use ConfigDict instead. Deprecated in Pydantic V2.0 to be removed in V3.0. See Pydantic V2 Migration Guide at https://errors.pydantic.dev/2.12/migration/
/opt/homebrew/lib/python3.11/site-packages/airflow/serialization/pydantic/dataset.py:23 PydanticDeprecatedSince20: Support for class-based `config` is deprecated, use ConfigDict instead. Deprecated in Pydantic V2.0 to be removed in V3.0. See Pydantic V2 Migration Guide at https://errors.pydantic.dev/2.12/migration/
/opt/homebrew/lib/python3.11/site-packages/airflow/serialization/pydantic/dataset.py:38 PydanticDeprecatedSince20: Support for class-based `config` is deprecated, use ConfigDict instead. Deprecated in Pydantic V2.0 to be removed in V3.0. See Pydantic V2 Migration Guide at https://errors.pydantic.dev/2.12/migration/
/opt/homebrew/lib/python3.11/site-packages/airflow/serialization/pydantic/dataset.py:54 PydanticDeprecatedSince20: Support for class-based `config` is deprecated, use ConfigDict instead. Deprecated in Pydantic V2.0 to be removed in V3.0. See Pydantic V2 Migration Guide at https://errors.pydantic.dev/2.12/migration/
/opt/homebrew/lib/python3.11/site-packages/airflow/serialization/pydantic/dataset.py:74 PydanticDeprecatedSince20: Support for class-based `config` is deprecated, use ConfigDict instead. Deprecated in Pydantic V2.0 to be removed in V3.0. See Pydantic V2 Migration Guide at https://errors.pydantic.dev/2.12/migration/
/opt/homebrew/lib/python3.11/site-packages/airflow/serialization/pydantic/dag_run.py:26 PydanticDeprecatedSince20: Support for class-based `config` is deprecated, use ConfigDict instead. Deprecated in Pydantic V2.0 to be removed in V3.0. See Pydantic V2 Migration Guide at https://errors.pydantic.dev/2.12/migration/
/opt/homebrew/lib/python3.11/site-packages/airflow/serialization/pydantic/taskinstance.py:27 PydanticDeprecatedSince20: Support for class-based `config` is deprecated, use ConfigDict instead. Deprecated in Pydantic V2.0 to be removed in V3.0. See Pydantic V2 Migration Guide at https://errors.pydantic.dev/2.12/migration/
  ____________       _____________
 ____    |__( )_________  __/__  /________      __
____  /| |_  /__  ___/_  /_ __  /_  __ \_ | /| / /
___  ___ |  / _  /   _  __/ _  / / /_/ /_ |/ |/ /
 _/_/  |_/_/  /_/    /_/    /_/  \____/____/|__/
[[34m2026-02-28T21:54:07.356+0500[0m] {[34mexecutor_loader.py:[0m117} INFO[0m - Loaded executor: SequentialExecutor[0m
[[34m2026-02-28T21:54:07.492+0500[0m] {[34mscheduler_job_runner.py:[0m797} INFO[0m - Starting the scheduler[0m
[[34m2026-02-28T21:54:07.493+0500[0m] {[34mscheduler_job_runner.py:[0m804} INFO[0m - Processing each file at most -1 times[0m
[[34m2026-02-28T21:54:07.497+0500[0m] {[34mmanager.py:[0m166} INFO[0m - Launched DagFileProcessorManager with pid: 94318[0m
[[34m2026-02-28T21:54:07.499+0500[0m] {[34mscheduler_job_runner.py:[0m1605} INFO[0m - Adopting or resetting orphaned tasks for active dag runs[0m
[2026-02-28 21:54:07 +0500] [94317] [INFO] Starting gunicorn 21.2.0
[2026-02-28 21:54:07 +0500] [94317] [INFO] Listening at: http://[::]:8793 (94317)
[2026-02-28 21:54:07 +0500] [94317] [INFO] Using worker: sync
/opt/homebrew/lib/python3.11/site-packages/airflow/serialization/pydantic/job.py:31 PydanticDeprecatedSince20: Support for class-based `config` is deprecated, use ConfigDict instead. Deprecated in Pydantic V2.0 to be removed in V3.0. See Pydantic V2 Migration Guide at https://errors.pydantic.dev/2.12/migration/
/opt/homebrew/lib/python3.11/site-packages/airflow/serialization/pydantic/dataset.py:23 PydanticDeprecatedSince20: Support for class-based `config` is deprecated, use ConfigDict instead. Deprecated in Pydantic V2.0 to be removed in V3.0. See Pydantic V2 Migration Guide at https://errors.pydantic.dev/2.12/migration/
/opt/homebrew/lib/python3.11/site-packages/airflow/serialization/pydantic/dataset.py:38 PydanticDeprecatedSince20: Support for class-based `config` is deprecated, use ConfigDict instead. Deprecated in Pydantic V2.0 to be removed in V3.0. See Pydantic V2 Migration Guide at https://errors.pydantic.dev/2.12/migration/
/opt/homebrew/lib/python3.11/site-packages/airflow/serialization/pydantic/dataset.py:54 PydanticDeprecatedSince20: Support for class-based `config` is deprecated, use ConfigDict instead. Deprecated in Pydantic V2.0 to be removed in V3.0. See Pydantic V2 Migration Guide at https://errors.pydantic.dev/2.12/migration/
/opt/homebrew/lib/python3.11/site-packages/airflow/serialization/pydantic/dataset.py:74 PydanticDeprecatedSince20: Support for class-based `config` is deprecated, use ConfigDict instead. Deprecated in Pydantic V2.0 to be removed in V3.0. See Pydantic V2 Migration Guide at https://errors.pydantic.dev/2.12/migration/
/opt/homebrew/lib/python3.11/site-packages/airflow/serialization/pydantic/dag_run.py:26 PydanticDeprecatedSince20: Support for class-based `config` is deprecated, use ConfigDict instead. Deprecated in Pydantic V2.0 to be removed in V3.0. See Pydantic V2 Migration Guide at https://errors.pydantic.dev/2.12/migration/
/opt/homebrew/lib/python3.11/site-packages/airflow/serialization/pydantic/taskinstance.py:27 PydanticDeprecatedSince20: Support for class-based `config` is deprecated, use ConfigDict instead. Deprecated in Pydantic V2.0 to be removed in V3.0. See Pydantic V2 Migration Guide at https://errors.pydantic.dev/2.12/migration/
[[34m2026-02-28T21:54:08.212+0500[0m] {[34msettings.py:[0m61} INFO[0m - Configured default timezone Timezone('UTC')[0m
[2026-02-28T21:54:08.224+0500] {manager.py:410} WARNING - Because we cannot use more than 1 thread (parsing_processes = 2) when using sqlite. So we set parallelism to 1.
[2026-02-28 21:54:08 +0500] [94317] [ERROR] Worker (pid:94324) was sent SIGSEGV!
/opt/homebrew/lib/python3.11/site-packages/airflow/serialization/pydantic/job.py:31 PydanticDeprecatedSince20: Support for class-based `config` is deprecated, use ConfigDict instead. Deprecated in Pydantic V2.0 to be removed in V3.0. See Pydantic V2 Migration Guide at https://errors.pydantic.dev/2.12/migration/
[2026-02-28 21:54:09 +0500] [94317] [ERROR] Worker (pid:94323) was sent SIGSEGV!
[2026-02-28 21:54:09 +0500] [94317] [ERROR] Worker (pid:94344) was sent SIGSEGV!
[2026-02-28 21:54:09 +0500] [94317] [ERROR] Worker (pid:94346) was sent SIGSEGV!
[2026-02-28 21:54:10 +0500] [94317] [ERROR] Worker (pid:94358) was sent SIGSEGV!
[2026-02-28 21:54:10 +0500] [94317] [ERROR] Worker (pid:94360) was sent SIGSEGV!
/opt/homebrew/lib/python3.11/site-packages/airflow/serialization/pydantic/job.py:31 PydanticDeprecatedSince20: Support for class-based `config` is deprecated, use ConfigDict instead. Deprecated in Pydantic V2.0 to be removed in V3.0. See Pydantic V2 Migration Guide at https://errors.pydantic.dev/2.12/migration/
[2026-02-28 21:54:11 +0500] [94317] [ERROR] Worker (pid:94375) was sent SIGSEGV!
[2026-02-28 21:54:11 +0500] [94317] [ERROR] Worker (pid:94378) was sent SIGSEGV!
[2026-02-28 21:54:12 +0500] [94317] [ERROR] Worker (pid:94480) was sent SIGSEGV!
[2026-02-28 21:54:12 +0500] [94317] [ERROR] Worker (pid:94491) was sent SIGSEGV!
[2026-02-28 21:54:12 +0500] [94317] [ERROR] Worker (pid:94496) was sent SIGSEGV!
/opt/homebrew/lib/python3.11/site-packages/airflow/serialization/pydantic/job.py:31 PydanticDeprecatedSince20: Support for class-based `config` is deprecated, use ConfigDict instead. Deprecated in Pydantic V2.0 to be removed in V3.0. See Pydantic V2 Migration Guide at https://errors.pydantic.dev/2.12/migration/
[2026-02-28 21:54:12 +0500] [94317] [ERROR] Worker (pid:94497) was sent SIGSEGV!
[2026-02-28 21:54:13 +0500] [94317] [ERROR] Worker (pid:94505) was sent SIGSEGV!
[2026-02-28 21:54:13 +0500] [94317] [ERROR] Worker (pid:94506) was sent SIGSEGV!
[2026-02-28 21:54:14 +0500] [94317] [ERROR] Worker (pid:94511) was sent SIGSEGV!
[2026-02-28 21:54:14 +0500] [94317] [ERROR] Worker (pid:94512) was sent SIGSEGV!
/opt/homebrew/lib/python3.11/site-packages/airflow/serialization/pydantic/job.py:31 PydanticDeprecatedSince20: Support for class-based `config` is deprecated, use ConfigDict instead. Deprecated in Pydantic V2.0 to be removed in V3.0. See Pydantic V2 Migration Guide at https://errors.pydantic.dev/2.12/migration/
[2026-02-28 21:54:15 +0500] [94317] [ERROR] Worker (pid:94526) was sent SIGSEGV!
[2026-02-28 21:54:15 +0500] [94317] [ERROR] Worker (pid:94528) was sent SIGSEGV!
[2026-02-28 21:54:16 +0500] [94317] [ERROR] Worker (pid:94607) was sent SIGSEGV!
[2026-02-28 21:54:16 +0500] [94317] [ERROR] Worker (pid:94609) was sent SIGSEGV!
[2026-02-28 21:54:17 +0500] [94317] [ERROR] Worker (pid:94620) was sent SIGSEGV!
/opt/homebrew/lib/python3.11/site-packages/airflow/serialization/pydantic/job.py:31 PydanticDeprecatedSince20: Support for class-based `config` is deprecated, use ConfigDict instead. Deprecated in Pydantic V2.0 to be removed in V3.0. See Pydantic V2 Migration Guide at https://errors.pydantic.dev/2.12/migration/
[2026-02-28 21:54:17 +0500] [94317] [ERROR] Worker (pid:94626) was sent SIGSEGV!
[2026-02-28 21:54:17 +0500] [94317] [ERROR] Worker (pid:94639) was sent SIGSEGV!
[2026-02-28 21:54:17 +0500] [94317] [ERROR] Worker (pid:94640) was sent SIGSEGV!
[2026-02-28 21:54:18 +0500] [94317] [ERROR] Worker (pid:94645) was sent SIGSEGV!
[2026-02-28 21:54:18 +0500] [94317] [ERROR] Worker (pid:94646) was sent SIGSEGV!
[2026-02-28 21:54:19 +0500] [94317] [ERROR] Worker (pid:94655) was sent SIGSEGV!
/opt/homebrew/lib/python3.11/site-packages/airflow/serialization/pydantic/job.py:31 PydanticDeprecatedSince20: Support for class-based `config` is deprecated, use ConfigDict instead. Deprecated in Pydantic V2.0 to be removed in V3.0. See Pydantic V2 Migration Guide at https://errors.pydantic.dev/2.12/migration/
[2026-02-28 21:54:19 +0500] [94317] [ERROR] Worker (pid:94656) was sent SIGSEGV!
[2026-02-28 21:54:19 +0500] [94317] [ERROR] Worker (pid:94666) was sent SIGSEGV!
[2026-02-28 21:54:19 +0500] [94317] [ERROR] Worker (pid:94669) was sent SIGSEGV!
[2026-02-28 21:54:20 +0500] [94317] [ERROR] Worker (pid:94677) was sent SIGSEGV!
[2026-02-28 21:54:20 +0500] [94317] [ERROR] Worker (pid:94678) was sent SIGSEGV!
/opt/homebrew/lib/python3.11/site-packages/airflow/serialization/pydantic/job.py:31 PydanticDeprecatedSince20: Support for class-based `config` is deprecated, use ConfigDict instead. Deprecated in Pydantic V2.0 to be removed in V3.0. See Pydantic V2 Migration Guide at https://errors.pydantic.dev/2.12/migration/
[2026-02-28 21:54:21 +0500] [94317] [ERROR] Worker (pid:94684) was sent SIGSEGV!
[2026-02-28 21:54:21 +0500] [94317] [ERROR] Worker (pid:94687) was sent SIGSEGV!
[2026-02-28 21:54:21 +0500] [94317] [ERROR] Worker (pid:94698) was sent SIGSEGV!
[2026-02-28 21:54:22 +0500] [94317] [ERROR] Worker (pid:94700) was sent SIGSEGV!
[2026-02-28 21:54:22 +0500] [94317] [ERROR] Worker (pid:94713) was sent SIGSEGV!
[2026-02-28 21:54:22 +0500] [94317] [ERROR] Worker (pid:94716) was sent SIGSEGV!
/opt/homebrew/lib/python3.11/site-packages/airflow/serialization/pydantic/job.py:31 PydanticDeprecatedSince20: Support for class-based `config` is deprecated, use ConfigDict instead. Deprecated in Pydantic V2.0 to be removed in V3.0. See Pydantic V2 Migration Guide at https://errors.pydantic.dev/2.12/migration/
[2026-02-28 21:54:23 +0500] [94317] [ERROR] Worker (pid:94729) was sent SIGSEGV!
[2026-02-28 21:54:23 +0500] [94317] [ERROR] Worker (pid:94730) was sent SIGSEGV!
[2026-02-28 21:54:23 +0500] [94317] [ERROR] Worker (pid:94735) was sent SIGSEGV!
[2026-02-28 21:54:23 +0500] [94317] [ERROR] Worker (pid:94737) was sent SIGSEGV!
[2026-02-28 21:54:24 +0500] [94317] [ERROR] Worker (pid:94746) was sent SIGSEGV!
[2026-02-28 21:54:24 +0500] [94317] [ERROR] Worker (pid:94748) was sent SIGSEGV!
/opt/homebrew/lib/python3.11/site-packages/airflow/serialization/pydantic/job.py:31 PydanticDeprecatedSince20: Support for class-based `config` is deprecated, use ConfigDict instead. Deprecated in Pydantic V2.0 to be removed in V3.0. See Pydantic V2 Migration Guide at https://errors.pydantic.dev/2.12/migration/
[2026-02-28 21:54:25 +0500] [94317] [ERROR] Worker (pid:94759) was sent SIGSEGV!
[2026-02-28 21:54:25 +0500] [94317] [ERROR] Worker (pid:94760) was sent SIGSEGV!
[2026-02-28 21:54:25 +0500] [94317] [ERROR] Worker (pid:94768) was sent SIGSEGV!
[2026-02-28 21:54:25 +0500] [94317] [ERROR] Worker (pid:94770) was sent SIGSEGV!
[2026-02-28 21:54:26 +0500] [94317] [ERROR] Worker (pid:94777) was sent SIGSEGV!
[2026-02-28 21:54:26 +0500] [94317] [ERROR] Worker (pid:94778) was sent SIGSEGV!
/opt/homebrew/lib/python3.11/site-packages/airflow/serialization/pydantic/job.py:31 PydanticDeprecatedSince20: Support for class-based `config` is deprecated, use ConfigDict instead. Deprecated in Pydantic V2.0 to be removed in V3.0. See Pydantic V2 Migration Guide at https://errors.pydantic.dev/2.12/migration/
[2026-02-28 21:54:27 +0500] [94317] [ERROR] Worker (pid:94792) was sent SIGSEGV!
[2026-02-28 21:54:27 +0500] [94317] [ERROR] Worker (pid:94794) was sent SIGSEGV!
[2026-02-28 21:54:27 +0500] [94317] [ERROR] Worker (pid:94805) was sent SIGSEGV!
[2026-02-28 21:54:28 +0500] [94317] [ERROR] Worker (pid:94807) was sent SIGSEGV!
/opt/homebrew/lib/python3.11/site-packages/airflow/serialization/pydantic/job.py:31 PydanticDeprecatedSince20: Support for class-based `config` is deprecated, use ConfigDict instead. Deprecated in Pydantic V2.0 to be removed in V3.0. See Pydantic V2 Migration Guide at https://errors.pydantic.dev/2.12/migration/
[2026-02-28 21:54:29 +0500] [94317] [ERROR] Worker (pid:94816) was sent SIGSEGV!
[2026-02-28 21:54:29 +0500] [94317] [ERROR] Worker (pid:94817) was sent SIGSEGV!
[2026-02-28 21:54:30 +0500] [94317] [ERROR] Worker (pid:94822) was sent SIGSEGV!
/opt/homebrew/lib/python3.11/site-packages/airflow/serialization/pydantic/job.py:31 PydanticDeprecatedSince20: Support for class-based `config` is deprecated, use ConfigDict instead. Deprecated in Pydantic V2.0 to be removed in V3.0. See Pydantic V2 Migration Guide at https://errors.pydantic.dev/2.12/migration/
[2026-02-28 21:54:30 +0500] [94317] [ERROR] Worker (pid:94823) was sent SIGSEGV!
[2026-02-28 21:54:31 +0500] [94317] [ERROR] Worker (pid:94936) was sent SIGSEGV!
[2026-02-28 21:54:31 +0500] [94317] [ERROR] Worker (pid:94941) was sent SIGSEGV!
[2026-02-28 21:54:32 +0500] [94317] [ERROR] Worker (pid:94951) was sent SIGSEGV!
[2026-02-28 21:54:32 +0500] [94317] [ERROR] Worker (pid:94952) was sent SIGSEGV!
/opt/homebrew/lib/python3.11/site-packages/airflow/serialization/pydantic/job.py:31 PydanticDeprecatedSince20: Support for class-based `config` is deprecated, use ConfigDict instead. Deprecated in Pydantic V2.0 to be removed in V3.0. See Pydantic V2 Migration Guide at https://errors.pydantic.dev/2.12/migration/
[2026-02-28 21:54:33 +0500] [94317] [ERROR] Worker (pid:94957) was sent SIGSEGV!
[2026-02-28 21:54:33 +0500] [94317] [ERROR] Worker (pid:94959) was sent SIGSEGV!
[2026-02-28 21:54:34 +0500] [94317] [ERROR] Worker (pid:94966) was sent SIGSEGV!
[2026-02-28 21:54:34 +0500] [94317] [ERROR] Worker (pid:94967) was sent SIGSEGV!
/opt/homebrew/lib/python3.11/site-packages/airflow/serialization/pydantic/job.py:31 PydanticDeprecatedSince20: Support for class-based `config` is deprecated, use ConfigDict instead. Deprecated in Pydantic V2.0 to be removed in V3.0. See Pydantic V2 Migration Guide at https://errors.pydantic.dev/2.12/migration/
[2026-02-28 21:54:35 +0500] [94317] [ERROR] Worker (pid:94973) was sent SIGSEGV!
[2026-02-28 21:54:35 +0500] [94317] [ERROR] Worker (pid:94974) was sent SIGSEGV!
[2026-02-28 21:54:35 +0500] [94317] [ERROR] Worker (pid:94985) was sent SIGSEGV!
[2026-02-28 21:54:35 +0500] [94317] [ERROR] Worker (pid:94986) was sent SIGSEGV!
[2026-02-28 21:54:36 +0500] [94317] [ERROR] Worker (pid:94993) was sent SIGSEGV!
[2026-02-28 21:54:36 +0500] [94317] [ERROR] Worker (pid:94994) was sent SIGSEGV!
/opt/homebrew/lib/python3.11/site-packages/airflow/serialization/pydantic/job.py:31 PydanticDeprecatedSince20: Support for class-based `config` is deprecated, use ConfigDict instead. Deprecated in Pydantic V2.0 to be removed in V3.0. See Pydantic V2 Migration Guide at https://errors.pydantic.dev/2.12/migration/
[2026-02-28 21:54:37 +0500] [94317] [ERROR] Worker (pid:95005) was sent SIGSEGV!
[2026-02-28 21:54:37 +0500] [94317] [ERROR] Worker (pid:95006) was sent SIGSEGV!
[2026-02-28 21:54:38 +0500] [94317] [ERROR] Worker (pid:95011) was sent SIGSEGV!
[2026-02-28 21:54:38 +0500] [94317] [ERROR] Worker (pid:95012) was sent SIGSEGV!
/opt/homebrew/lib/python3.11/site-packages/airflow/serialization/pydantic/job.py:31 PydanticDeprecatedSince20: Support for class-based `config` is deprecated, use ConfigDict instead. Deprecated in Pydantic V2.0 to be removed in V3.0. See Pydantic V2 Migration Guide at https://errors.pydantic.dev/2.12/migration/
[2026-02-28 21:54:38 +0500] [94317] [ERROR] Worker (pid:95019) was sent SIGSEGV!
[2026-02-28 21:54:39 +0500] [94317] [ERROR] Worker (pid:95021) was sent SIGSEGV!
[2026-02-28 21:54:39 +0500] [94317] [ERROR] Worker (pid:95026) was sent SIGSEGV!
[2026-02-28 21:54:39 +0500] [94317] [ERROR] Worker (pid:95031) was sent SIGSEGV!
[2026-02-28 21:54:40 +0500] [94317] [ERROR] Worker (pid:95036) was sent SIGSEGV!
[2026-02-28 21:54:40 +0500] [94317] [ERROR] Worker (pid:95037) was sent SIGSEGV!
/opt/homebrew/lib/python3.11/site-packages/airflow/serialization/pydantic/job.py:31 PydanticDeprecatedSince20: Support for class-based `config` is deprecated, use ConfigDict instead. Deprecated in Pydantic V2.0 to be removed in V3.0. See Pydantic V2 Migration Guide at https://errors.pydantic.dev/2.12/migration/
[2026-02-28 21:54:40 +0500] [94317] [ERROR] Worker (pid:95044) was sent SIGSEGV!
[2026-02-28 21:54:41 +0500] [94317] [ERROR] Worker (pid:95045) was sent SIGSEGV!
[2026-02-28 21:54:41 +0500] [94317] [ERROR] Worker (pid:95050) was sent SIGSEGV!
[2026-02-28 21:54:41 +0500] [94317] [ERROR] Worker (pid:95051) was sent SIGSEGV!
/opt/homebrew/lib/python3.11/site-packages/airflow/serialization/pydantic/job.py:31 PydanticDeprecatedSince20: Support for class-based `config` is deprecated, use ConfigDict instead. Deprecated in Pydantic V2.0 to be removed in V3.0. See Pydantic V2 Migration Guide at https://errors.pydantic.dev/2.12/migration/
[2026-02-28 21:54:42 +0500] [94317] [ERROR] Worker (pid:95061) was sent SIGSEGV!
[2026-02-28 21:54:42 +0500] [94317] [ERROR] Worker (pid:95062) was sent SIGSEGV!
[2026-02-28 21:54:43 +0500] [94317] [ERROR] Worker (pid:95069) was sent SIGSEGV!
[2026-02-28 21:54:43 +0500] [94317] [ERROR] Worker (pid:95070) was sent SIGSEGV!
[2026-02-28 21:54:43 +0500] [94317] [ERROR] Worker (pid:95079) was sent SIGSEGV!
[2026-02-28 21:54:44 +0500] [94317] [ERROR] Worker (pid:95080) was sent SIGSEGV!
/opt/homebrew/lib/python3.11/site-packages/airflow/serialization/pydantic/job.py:31 PydanticDeprecatedSince20: Support for class-based `config` is deprecated, use ConfigDict instead. Deprecated in Pydantic V2.0 to be removed in V3.0. See Pydantic V2 Migration Guide at https://errors.pydantic.dev/2.12/migration/
[2026-02-28 21:54:44 +0500] [94317] [ERROR] Worker (pid:95086) was sent SIGSEGV!
[2026-02-28 21:54:44 +0500] [94317] [ERROR] Worker (pid:95087) was sent SIGSEGV!
[2026-02-28 21:54:45 +0500] [94317] [ERROR] Worker (pid:95092) was sent SIGSEGV!
[2026-02-28 21:54:45 +0500] [94317] [ERROR] Worker (pid:95093) was sent SIGSEGV!
/opt/homebrew/lib/python3.11/site-packages/airflow/serialization/pydantic/job.py:31 PydanticDeprecatedSince20: Support for class-based `config` is deprecated, use ConfigDict instead. Deprecated in Pydantic V2.0 to be removed in V3.0. See Pydantic V2 Migration Guide at https://errors.pydantic.dev/2.12/migration/
[2026-02-28 21:54:46 +0500] [94317] [ERROR] Worker (pid:95098) was sent SIGSEGV!
[2026-02-28 21:54:46 +0500] [94317] [ERROR] Worker (pid:95100) was sent SIGSEGV!
[2026-02-28 21:54:47 +0500] [94317] [ERROR] Worker (pid:95110) was sent SIGSEGV!
[2026-02-28 21:54:47 +0500] [94317] [ERROR] Worker (pid:95111) was sent SIGSEGV!
[2026-02-28 21:54:47 +0500] [94317] [ERROR] Worker (pid:95121) was sent SIGSEGV!
[2026-02-28 21:54:48 +0500] [94317] [ERROR] Worker (pid:95122) was sent SIGSEGV!
/opt/homebrew/lib/python3.11/site-packages/airflow/serialization/pydantic/job.py:31 PydanticDeprecatedSince20: Support for class-based `config` is deprecated, use ConfigDict instead. Deprecated in Pydantic V2.0 to be removed in V3.0. See Pydantic V2 Migration Guide at https://errors.pydantic.dev/2.12/migration/
[2026-02-28 21:54:48 +0500] [94317] [ERROR] Worker (pid:95129) was sent SIGSEGV!
[2026-02-28 21:54:48 +0500] [94317] [ERROR] Worker (pid:95130) was sent SIGSEGV!
/opt/homebrew/lib/python3.11/site-packages/airflow/serialization/pydantic/job.py:31 PydanticDeprecatedSince20: Support for class-based `config` is deprecated, use ConfigDict instead. Deprecated in Pydantic V2.0 to be removed in V3.0. See Pydantic V2 Migration Guide at https://errors.pydantic.dev/2.12/migration/
[2026-02-28 21:54:49 +0500] [94317] [ERROR] Worker (pid:95135) was sent SIGSEGV!
[2026-02-28 21:54:49 +0500] [94317] [ERROR] Worker (pid:95137) was sent SIGSEGV!
[2026-02-28 21:54:50 +0500] [94317] [ERROR] Worker (pid:95143) was sent SIGSEGV!
[2026-02-28 21:54:50 +0500] [94317] [ERROR] Worker (pid:95144) was sent SIGSEGV!
[2026-02-28 21:54:51 +0500] [94317] [ERROR] Worker (pid:95149) was sent SIGSEGV!
[2026-02-28 21:54:51 +0500] [94317] [ERROR] Worker (pid:95150) was sent SIGSEGV!
/opt/homebrew/lib/python3.11/site-packages/airflow/serialization/pydantic/job.py:31 PydanticDeprecatedSince20: Support for class-based `config` is deprecated, use ConfigDict instead. Deprecated in Pydantic V2.0 to be removed in V3.0. See Pydantic V2 Migration Guide at https://errors.pydantic.dev/2.12/migration/
[2026-02-28 21:54:52 +0500] [94317] [ERROR] Worker (pid:95158) was sent SIGSEGV!
[2026-02-28 21:54:52 +0500] [94317] [ERROR] Worker (pid:95168) was sent SIGSEGV!
[2026-02-28 21:54:52 +0500] [94317] [ERROR] Worker (pid:95179) was sent SIGSEGV!
[2026-02-28 21:54:53 +0500] [94317] [ERROR] Worker (pid:95180) was sent SIGSEGV!
/opt/homebrew/lib/python3.11/site-packages/airflow/serialization/pydantic/job.py:31 PydanticDeprecatedSince20: Support for class-based `config` is deprecated, use ConfigDict instead. Deprecated in Pydantic V2.0 to be removed in V3.0. See Pydantic V2 Migration Guide at https://errors.pydantic.dev/2.12/migration/
[2026-02-28 21:54:53 +0500] [94317] [ERROR] Worker (pid:95188) was sent SIGSEGV!
[2026-02-28 21:54:54 +0500] [94317] [ERROR] Worker (pid:95190) was sent SIGSEGV!
[2026-02-28 21:54:54 +0500] [94317] [ERROR] Worker (pid:95200) was sent SIGSEGV!
[2026-02-28 21:54:54 +0500] [94317] [ERROR] Worker (pid:95202) was sent SIGSEGV!
[2026-02-28 21:54:55 +0500] [94317] [ERROR] Worker (pid:95213) was sent SIGSEGV!
[2026-02-28 21:54:55 +0500] [94317] [ERROR] Worker (pid:95214) was sent SIGSEGV!
/opt/homebrew/lib/python3.11/site-packages/airflow/serialization/pydantic/job.py:31 PydanticDeprecatedSince20: Support for class-based `config` is deprecated, use ConfigDict instead. Deprecated in Pydantic V2.0 to be removed in V3.0. See Pydantic V2 Migration Guide at https://errors.pydantic.dev/2.12/migration/
[2026-02-28 21:54:56 +0500] [94317] [ERROR] Worker (pid:95220) was sent SIGSEGV!
[2026-02-28 21:54:56 +0500] [94317] [ERROR] Worker (pid:95225) was sent SIGSEGV!
[2026-02-28 21:54:56 +0500] [94317] [ERROR] Worker (pid:95230) was sent SIGSEGV!
[2026-02-28 21:54:57 +0500] [94317] [ERROR] Worker (pid:95231) was sent SIGSEGV!
/opt/homebrew/lib/python3.11/site-packages/airflow/serialization/pydantic/job.py:31 PydanticDeprecatedSince20: Support for class-based `config` is deprecated, use ConfigDict instead. Deprecated in Pydantic V2.0 to be removed in V3.0. See Pydantic V2 Migration Guide at https://errors.pydantic.dev/2.12/migration/
[2026-02-28 21:54:57 +0500] [94317] [ERROR] Worker (pid:95236) was sent SIGSEGV!
[2026-02-28 21:54:57 +0500] [94317] [ERROR] Worker (pid:95238) was sent SIGSEGV!
[2026-02-28 21:54:58 +0500] [94317] [ERROR] Worker (pid:95248) was sent SIGSEGV!
[2026-02-28 21:54:58 +0500] [94317] [ERROR] Worker (pid:95249) was sent SIGSEGV!
[2026-02-28 21:54:59 +0500] [94317] [ERROR] Worker (pid:95254) was sent SIGSEGV!
[2026-02-28 21:54:59 +0500] [94317] [ERROR] Worker (pid:95255) was sent SIGSEGV!
/opt/homebrew/lib/python3.11/site-packages/airflow/serialization/pydantic/job.py:31 PydanticDeprecatedSince20: Support for class-based `config` is deprecated, use ConfigDict instead. Deprecated in Pydantic V2.0 to be removed in V3.0. See Pydantic V2 Migration Guide at https://errors.pydantic.dev/2.12/migration/
[2026-02-28 21:54:59 +0500] [94317] [ERROR] Worker (pid:95261) was sent SIGSEGV!
[2026-02-28 21:54:59 +0500] [94317] [ERROR] Worker (pid:95262) was sent SIGSEGV!
/opt/homebrew/lib/python3.11/site-packages/airflow/serialization/pydantic/job.py:31 PydanticDeprecatedSince20: Support for class-based `config` is deprecated, use ConfigDict instead. Deprecated in Pydantic V2.0 to be removed in V3.0. See Pydantic V2 Migration Guide at https://errors.pydantic.dev/2.12/migration/
[2026-02-28 21:55:00 +0500] [94317] [ERROR] Worker (pid:95271) was sent SIGSEGV!
[2026-02-28 21:55:00 +0500] [94317] [ERROR] Worker (pid:95273) was sent SIGSEGV!
[2026-02-28 21:55:01 +0500] [94317] [ERROR] Worker (pid:95279) was sent SIGSEGV!
[2026-02-28 21:55:01 +0500] [94317] [ERROR] Worker (pid:95280) was sent SIGSEGV!
[2026-02-28 21:55:01 +0500] [94317] [ERROR] Worker (pid:95442) was sent SIGSEGV!
/opt/homebrew/lib/python3.11/site-packages/airflow/serialization/pydantic/job.py:31 PydanticDeprecatedSince20: Support for class-based `config` is deprecated, use ConfigDict instead. Deprecated in Pydantic V2.0 to be removed in V3.0. See Pydantic V2 Migration Guide at https://errors.pydantic.dev/2.12/migration/
[2026-02-28 21:55:02 +0500] [94317] [ERROR] Worker (pid:95443) was sent SIGSEGV!
[2026-02-28 21:55:02 +0500] [94317] [ERROR] Worker (pid:95453) was sent SIGSEGV!
[2026-02-28 21:55:02 +0500] [94317] [ERROR] Worker (pid:95458) was sent SIGSEGV!
[2026-02-28 21:55:03 +0500] [94317] [ERROR] Worker (pid:95467) was sent SIGSEGV!
[2026-02-28 21:55:03 +0500] [94317] [ERROR] Worker (pid:95468) was sent SIGSEGV!
/opt/homebrew/lib/python3.11/site-packages/airflow/serialization/pydantic/job.py:31 PydanticDeprecatedSince20: Support for class-based `config` is deprecated, use ConfigDict instead. Deprecated in Pydantic V2.0 to be removed in V3.0. See Pydantic V2 Migration Guide at https://errors.pydantic.dev/2.12/migration/
[2026-02-28 21:55:04 +0500] [94317] [ERROR] Worker (pid:95482) was sent SIGSEGV!
[2026-02-28 21:55:04 +0500] [94317] [ERROR] Worker (pid:95483) was sent SIGSEGV!
[2026-02-28 21:55:04 +0500] [94317] [ERROR] Worker (pid:95494) was sent SIGSEGV!
[2026-02-28 21:55:04 +0500] [94317] [ERROR] Worker (pid:95495) was sent SIGSEGV!
/opt/homebrew/lib/python3.11/site-packages/airflow/serialization/pydantic/job.py:31 PydanticDeprecatedSince20: Support for class-based `config` is deprecated, use ConfigDict instead. Deprecated in Pydantic V2.0 to be removed in V3.0. See Pydantic V2 Migration Guide at https://errors.pydantic.dev/2.12/migration/
[2026-02-28 21:55:05 +0500] [94317] [ERROR] Worker (pid:95500) was sent SIGSEGV!
[2026-02-28 21:55:05 +0500] [94317] [ERROR] Worker (pid:95501) was sent SIGSEGV!
[2026-02-28 21:55:06 +0500] [94317] [ERROR] Worker (pid:95507) was sent SIGSEGV!
[2026-02-28 21:55:06 +0500] [94317] [ERROR] Worker (pid:95508) was sent SIGSEGV!
[2026-02-28 21:55:07 +0500] [94317] [ERROR] Worker (pid:95514) was sent SIGSEGV!
[2026-02-28 21:55:07 +0500] [94317] [ERROR] Worker (pid:95517) was sent SIGSEGV!
/opt/homebrew/lib/python3.11/site-packages/airflow/serialization/pydantic/job.py:31 PydanticDeprecatedSince20: Support for class-based `config` is deprecated, use ConfigDict instead. Deprecated in Pydantic V2.0 to be removed in V3.0. See Pydantic V2 Migration Guide at https://errors.pydantic.dev/2.12/migration/
[2026-02-28 21:55:07 +0500] [94317] [ERROR] Worker (pid:95526) was sent SIGSEGV!
[2026-02-28 21:55:07 +0500] [94317] [ERROR] Worker (pid:95527) was sent SIGSEGV!
[2026-02-28 21:55:08 +0500] [94317] [ERROR] Worker (pid:95536) was sent SIGSEGV!
[2026-02-28 21:55:08 +0500] [94317] [ERROR] Worker (pid:95537) was sent SIGSEGV!
[2026-02-28 21:55:08 +0500] [94317] [ERROR] Worker (pid:95542) was sent SIGSEGV!
[2026-02-28 21:55:09 +0500] [94317] [ERROR] Worker (pid:95543) was sent SIGSEGV!
/opt/homebrew/lib/python3.11/site-packages/airflow/serialization/pydantic/job.py:31 PydanticDeprecatedSince20: Support for class-based `config` is deprecated, use ConfigDict instead. Deprecated in Pydantic V2.0 to be removed in V3.0. See Pydantic V2 Migration Guide at https://errors.pydantic.dev/2.12/migration/
[2026-02-28 21:55:09 +0500] [94317] [ERROR] Worker (pid:95550) was sent SIGSEGV!
[2026-02-28 21:55:09 +0500] [94317] [ERROR] Worker (pid:95552) was sent SIGSEGV!
[2026-02-28 21:55:10 +0500] [94317] [ERROR] Worker (pid:95557) was sent SIGSEGV!
[2026-02-28 21:55:10 +0500] [94317] [ERROR] Worker (pid:95558) was sent SIGSEGV!
[2026-02-28 21:55:11 +0500] [94317] [ERROR] Worker (pid:95563) was sent SIGSEGV!
/opt/homebrew/lib/python3.11/site-packages/airflow/serialization/pydantic/job.py:31 PydanticDeprecatedSince20: Support for class-based `config` is deprecated, use ConfigDict instead. Deprecated in Pydantic V2.0 to be removed in V3.0. See Pydantic V2 Migration Guide at https://errors.pydantic.dev/2.12/migration/
[2026-02-28 21:55:11 +0500] [94317] [ERROR] Worker (pid:95564) was sent SIGSEGV!
[2026-02-28 21:55:11 +0500] [94317] [ERROR] Worker (pid:95570) was sent SIGSEGV!
[2026-02-28 21:55:11 +0500] [94317] [ERROR] Worker (pid:95572) was sent SIGSEGV!
[2026-02-28 21:55:12 +0500] [94317] [ERROR] Worker (pid:95585) was sent SIGSEGV!
[2026-02-28 21:55:12 +0500] [94317] [ERROR] Worker (pid:95644) was sent SIGSEGV!
/opt/homebrew/lib/python3.11/site-packages/airflow/serialization/pydantic/job.py:31 PydanticDeprecatedSince20: Support for class-based `config` is deprecated, use ConfigDict instead. Deprecated in Pydantic V2.0 to be removed in V3.0. See Pydantic V2 Migration Guide at https://errors.pydantic.dev/2.12/migration/
[2026-02-28 21:55:13 +0500] [94317] [ERROR] Worker (pid:95665) was sent SIGSEGV!
[2026-02-28 21:55:13 +0500] [94317] [ERROR] Worker (pid:95667) was sent SIGSEGV!
[2026-02-28 21:55:13 +0500] [94317] [ERROR] Worker (pid:95674) was sent SIGSEGV!
[2026-02-28 21:55:13 +0500] [94317] [ERROR] Worker (pid:95675) was sent SIGSEGV!
[2026-02-28 21:55:14 +0500] [94317] [ERROR] Worker (pid:95682) was sent SIGSEGV!
[2026-02-28 21:55:14 +0500] [94317] [ERROR] Worker (pid:95685) was sent SIGSEGV!
/opt/homebrew/lib/python3.11/site-packages/airflow/serialization/pydantic/job.py:31 PydanticDeprecatedSince20: Support for class-based `config` is deprecated, use ConfigDict instead. Deprecated in Pydantic V2.0 to be removed in V3.0. See Pydantic V2 Migration Guide at https://errors.pydantic.dev/2.12/migration/
[2026-02-28 21:55:15 +0500] [94317] [ERROR] Worker (pid:95692) was sent SIGSEGV!
[2026-02-28 21:55:15 +0500] [94317] [ERROR] Worker (pid:95693) was sent SIGSEGV!
[2026-02-28 21:55:15 +0500] [94317] [ERROR] Worker (pid:95698) was sent SIGSEGV!
[2026-02-28 21:55:15 +0500] [94317] [ERROR] Worker (pid:95699) was sent SIGSEGV!
[2026-02-28 21:55:16 +0500] [94317] [ERROR] Worker (pid:95704) was sent SIGSEGV!
[2026-02-28 21:55:16 +0500] [94317] [ERROR] Worker (pid:95705) was sent SIGSEGV!
/opt/homebrew/lib/python3.11/site-packages/airflow/serialization/pydantic/job.py:31 PydanticDeprecatedSince20: Support for class-based `config` is deprecated, use ConfigDict instead. Deprecated in Pydantic V2.0 to be removed in V3.0. See Pydantic V2 Migration Guide at https://errors.pydantic.dev/2.12/migration/
[2026-02-28 21:55:16 +0500] [94317] [ERROR] Worker (pid:95715) was sent SIGSEGV!
[2026-02-28 21:55:16 +0500] [94317] [ERROR] Worker (pid:95716) was sent SIGSEGV!
[2026-02-28 21:55:17 +0500] [94317] [ERROR] Worker (pid:95721) was sent SIGSEGV!
[2026-02-28 21:55:17 +0500] [94317] [ERROR] Worker (pid:95722) was sent SIGSEGV!
[2026-02-28 21:55:18 +0500] [94317] [ERROR] Worker (pid:95729) was sent SIGSEGV!
[2026-02-28 21:55:18 +0500] [94317] [ERROR] Worker (pid:95730) was sent SIGSEGV!
/opt/homebrew/lib/python3.11/site-packages/airflow/serialization/pydantic/job.py:31 PydanticDeprecatedSince20: Support for class-based `config` is deprecated, use ConfigDict instead. Deprecated in Pydantic V2.0 to be removed in V3.0. See Pydantic V2 Migration Guide at https://errors.pydantic.dev/2.12/migration/
[2026-02-28 21:55:19 +0500] [94317] [ERROR] Worker (pid:95741) was sent SIGSEGV!
[2026-02-28 21:55:19 +0500] [94317] [ERROR] Worker (pid:95742) was sent SIGSEGV!
[2026-02-28 21:55:19 +0500] [94317] [ERROR] Worker (pid:95747) was sent SIGSEGV!
[2026-02-28 21:55:19 +0500] [94317] [ERROR] Worker (pid:95749) was sent SIGSEGV!
/opt/homebrew/lib/python3.11/site-packages/airflow/serialization/pydantic/job.py:31 PydanticDeprecatedSince20: Support for class-based `config` is deprecated, use ConfigDict instead. Deprecated in Pydantic V2.0 to be removed in V3.0. See Pydantic V2 Migration Guide at https://errors.pydantic.dev/2.12/migration/
[2026-02-28 21:55:20 +0500] [94317] [ERROR] Worker (pid:95754) was sent SIGSEGV!
[2026-02-28 21:55:20 +0500] [94317] [ERROR] Worker (pid:95755) was sent SIGSEGV!
[2026-02-28 21:55:21 +0500] [94317] [ERROR] Worker (pid:95766) was sent SIGSEGV!
[2026-02-28 21:55:21 +0500] [94317] [ERROR] Worker (pid:95767) was sent SIGSEGV!
[2026-02-28 21:55:21 +0500] [94317] [ERROR] Worker (pid:95772) was sent SIGSEGV!
[2026-02-28 21:55:21 +0500] [94317] [ERROR] Worker (pid:95773) was sent SIGSEGV!
/opt/homebrew/lib/python3.11/site-packages/airflow/serialization/pydantic/job.py:31 PydanticDeprecatedSince20: Support for class-based `config` is deprecated, use ConfigDict instead. Deprecated in Pydantic V2.0 to be removed in V3.0. See Pydantic V2 Migration Guide at https://errors.pydantic.dev/2.12/migration/
[2026-02-28 21:55:22 +0500] [94317] [ERROR] Worker (pid:95779) was sent SIGSEGV!
[2026-02-28 21:55:22 +0500] [94317] [ERROR] Worker (pid:95780) was sent SIGSEGV!
[2026-02-28 21:55:22 +0500] [94317] [ERROR] Worker (pid:95785) was sent SIGSEGV!
[2026-02-28 21:55:22 +0500] [94317] [ERROR] Worker (pid:95786) was sent SIGSEGV!
[2026-02-28 21:55:23 +0500] [94317] [ERROR] Worker (pid:95791) was sent SIGSEGV!
[2026-02-28 21:55:23 +0500] [94317] [ERROR] Worker (pid:95792) was sent SIGSEGV!
/opt/homebrew/lib/python3.11/site-packages/airflow/serialization/pydantic/job.py:31 PydanticDeprecatedSince20: Support for class-based `config` is deprecated, use ConfigDict instead. Deprecated in Pydantic V2.0 to be removed in V3.0. See Pydantic V2 Migration Guide at https://errors.pydantic.dev/2.12/migration/
[2026-02-28 21:55:23 +0500] [94317] [ERROR] Worker (pid:95798) was sent SIGSEGV!
[2026-02-28 21:55:24 +0500] [94317] [ERROR] Worker (pid:95799) was sent SIGSEGV!
[2026-02-28 21:55:24 +0500] [94317] [ERROR] Worker (pid:95804) was sent SIGSEGV!
[2026-02-28 21:55:24 +0500] [94317] [ERROR] Worker (pid:95805) was sent SIGSEGV!
/opt/homebrew/lib/python3.11/site-packages/airflow/serialization/pydantic/job.py:31 PydanticDeprecatedSince20: Support for class-based `config` is deprecated, use ConfigDict instead. Deprecated in Pydantic V2.0 to be removed in V3.0. See Pydantic V2 Migration Guide at https://errors.pydantic.dev/2.12/migration/
[2026-02-28 21:55:24 +0500] [94317] [ERROR] Worker (pid:95814) was sent SIGSEGV!
[2026-02-28 21:55:25 +0500] [94317] [ERROR] Worker (pid:95815) was sent SIGSEGV!
[2026-02-28 21:55:25 +0500] [94317] [ERROR] Worker (pid:95823) was sent SIGSEGV!
[2026-02-28 21:55:25 +0500] [94317] [ERROR] Worker (pid:95824) was sent SIGSEGV!
[2026-02-28 21:55:26 +0500] [94317] [ERROR] Worker (pid:95829) was sent SIGSEGV!
[2026-02-28 21:55:26 +0500] [94317] [ERROR] Worker (pid:95830) was sent SIGSEGV!
[2026-02-28 21:55:26 +0500] [94317] [ERROR] Worker (pid:95835) was sent SIGSEGV!
/opt/homebrew/lib/python3.11/site-packages/airflow/serialization/pydantic/job.py:31 PydanticDeprecatedSince20: Support for class-based `config` is deprecated, use ConfigDict instead. Deprecated in Pydantic V2.0 to be removed in V3.0. See Pydantic V2 Migration Guide at https://errors.pydantic.dev/2.12/migration/
[2026-02-28 21:55:26 +0500] [94317] [ERROR] Worker (pid:95836) was sent SIGSEGV!
[2026-02-28 21:55:27 +0500] [94317] [ERROR] Worker (pid:95842) was sent SIGSEGV!
[2026-02-28 21:55:27 +0500] [94317] [ERROR] Worker (pid:95843) was sent SIGSEGV!
[2026-02-28 21:55:27 +0500] [94317] [ERROR] Worker (pid:95848) was sent SIGSEGV!
[2026-02-28 21:55:27 +0500] [94317] [ERROR] Worker (pid:95849) was sent SIGSEGV!
[2026-02-28 21:55:28 +0500] [94317] [ERROR] Worker (pid:95854) was sent SIGSEGV!
[2026-02-28 21:55:28 +0500] [94317] [ERROR] Worker (pid:95855) was sent SIGSEGV!
/opt/homebrew/lib/python3.11/site-packages/airflow/serialization/pydantic/job.py:31 PydanticDeprecatedSince20: Support for class-based `config` is deprecated, use ConfigDict instead. Deprecated in Pydantic V2.0 to be removed in V3.0. See Pydantic V2 Migration Guide at https://errors.pydantic.dev/2.12/migration/
[2026-02-28 21:55:29 +0500] [94317] [ERROR] Worker (pid:95866) was sent SIGSEGV!
[2026-02-28 21:55:29 +0500] [94317] [ERROR] Worker (pid:95867) was sent SIGSEGV!
[2026-02-28 21:55:29 +0500] [94317] [ERROR] Worker (pid:95872) was sent SIGSEGV!
[2026-02-28 21:55:29 +0500] [94317] [ERROR] Worker (pid:95873) was sent SIGSEGV!
/opt/homebrew/lib/python3.11/site-packages/airflow/serialization/pydantic/job.py:31 PydanticDeprecatedSince20: Support for class-based `config` is deprecated, use ConfigDict instead. Deprecated in Pydantic V2.0 to be removed in V3.0. See Pydantic V2 Migration Guide at https://errors.pydantic.dev/2.12/migration/
[2026-02-28 21:55:30 +0500] [94317] [ERROR] Worker (pid:95878) was sent SIGSEGV!
[2026-02-28 21:55:30 +0500] [94317] [ERROR] Worker (pid:95879) was sent SIGSEGV!
[2026-02-28 21:55:31 +0500] [94317] [ERROR] Worker (pid:95885) was sent SIGSEGV!
[2026-02-28 21:55:31 +0500] [94317] [ERROR] Worker (pid:95886) was sent SIGSEGV!
[2026-02-28 21:55:31 +0500] [94317] [ERROR] Worker (pid:95891) was sent SIGSEGV!
[2026-02-28 21:55:31 +0500] [94317] [ERROR] Worker (pid:95892) was sent SIGSEGV!
/opt/homebrew/lib/python3.11/site-packages/airflow/serialization/pydantic/job.py:31 PydanticDeprecatedSince20: Support for class-based `config` is deprecated, use ConfigDict instead. Deprecated in Pydantic V2.0 to be removed in V3.0. See Pydantic V2 Migration Guide at https://errors.pydantic.dev/2.12/migration/
[2026-02-28 21:55:32 +0500] [94317] [ERROR] Worker (pid:95897) was sent SIGSEGV!
[2026-02-28 21:55:32 +0500] [94317] [ERROR] Worker (pid:95898) was sent SIGSEGV!
[2026-02-28 21:55:33 +0500] [94317] [ERROR] Worker (pid:95915) was sent SIGSEGV!
[2026-02-28 21:55:33 +0500] [94317] [ERROR] Worker (pid:96016) was sent SIGSEGV!
/opt/homebrew/lib/python3.11/site-packages/airflow/serialization/pydantic/job.py:31 PydanticDeprecatedSince20: Support for class-based `config` is deprecated, use ConfigDict instead. Deprecated in Pydantic V2.0 to be removed in V3.0. See Pydantic V2 Migration Guide at https://errors.pydantic.dev/2.12/migration/
[2026-02-28 21:55:34 +0500] [94317] [ERROR] Worker (pid:96283) was sent SIGSEGV!
[2026-02-28 21:55:34 +0500] [94317] [ERROR] Worker (pid:96285) was sent SIGSEGV!
[2026-02-28 21:55:34 +0500] [94317] [ERROR] Worker (pid:96292) was sent SIGSEGV!
[2026-02-28 21:55:34 +0500] [94317] [ERROR] Worker (pid:96293) was sent SIGSEGV!
[2026-02-28 21:55:35 +0500] [94317] [ERROR] Worker (pid:96298) was sent SIGSEGV!
[2026-02-28 21:55:35 +0500] [94317] [ERROR] Worker (pid:96299) was sent SIGSEGV!
/opt/homebrew/lib/python3.11/site-packages/airflow/serialization/pydantic/job.py:31 PydanticDeprecatedSince20: Support for class-based `config` is deprecated, use ConfigDict instead. Deprecated in Pydantic V2.0 to be removed in V3.0. See Pydantic V2 Migration Guide at https://errors.pydantic.dev/2.12/migration/
[2026-02-28 21:55:35 +0500] [94317] [ERROR] Worker (pid:96304) was sent SIGSEGV!
[2026-02-28 21:55:36 +0500] [94317] [ERROR] Worker (pid:96306) was sent SIGSEGV!
[2026-02-28 21:55:36 +0500] [94317] [ERROR] Worker (pid:96311) was sent SIGSEGV!
[2026-02-28 21:55:36 +0500] [94317] [ERROR] Worker (pid:96312) was sent SIGSEGV!
[2026-02-28 21:55:37 +0500] [94317] [ERROR] Worker (pid:96317) was sent SIGSEGV!
[2026-02-28 21:55:37 +0500] [94317] [ERROR] Worker (pid:96318) was sent SIGSEGV!
/opt/homebrew/lib/python3.11/site-packages/airflow/serialization/pydantic/job.py:31 PydanticDeprecatedSince20: Support for class-based `config` is deprecated, use ConfigDict instead. Deprecated in Pydantic V2.0 to be removed in V3.0. See Pydantic V2 Migration Guide at https://errors.pydantic.dev/2.12/migration/
[2026-02-28 21:55:37 +0500] [94317] [ERROR] Worker (pid:96328) was sent SIGSEGV!
[2026-02-28 21:55:37 +0500] [94317] [ERROR] Worker (pid:96329) was sent SIGSEGV!
[2026-02-28 21:55:38 +0500] [94317] [ERROR] Worker (pid:96339) was sent SIGSEGV!
[2026-02-28 21:55:38 +0500] [94317] [ERROR] Worker (pid:96340) was sent SIGSEGV!
[2026-02-28 21:55:39 +0500] [94317] [ERROR] Worker (pid:96345) was sent SIGSEGV!
[2026-02-28 21:55:39 +0500] [94317] [ERROR] Worker (pid:96348) was sent SIGSEGV!
/opt/homebrew/lib/python3.11/site-packages/airflow/serialization/pydantic/job.py:31 PydanticDeprecatedSince20: Support for class-based `config` is deprecated, use ConfigDict instead. Deprecated in Pydantic V2.0 to be removed in V3.0. See Pydantic V2 Migration Guide at https://errors.pydantic.dev/2.12/migration/
[2026-02-28 21:55:40 +0500] [94317] [ERROR] Worker (pid:96378) was sent SIGSEGV!
[2026-02-28 21:55:40 +0500] [94317] [ERROR] Worker (pid:96460) was sent SIGSEGV!
[2026-02-28 21:55:41 +0500] [94317] [ERROR] Worker (pid:96633) was sent SIGSEGV!
[2026-02-28 21:55:41 +0500] [94317] [ERROR] Worker (pid:96634) was sent SIGSEGV!
[2026-02-28 21:55:41 +0500] [94317] [ERROR] Worker (pid:96645) was sent SIGSEGV!
[2026-02-28 21:55:41 +0500] [94317] [ERROR] Worker (pid:96646) was sent SIGSEGV!
[2026-02-28 21:55:42 +0500] [94317] [ERROR] Worker (pid:96651) was sent SIGSEGV!
/opt/homebrew/lib/python3.11/site-packages/airflow/serialization/pydantic/job.py:31 PydanticDeprecatedSince20: Support for class-based `config` is deprecated, use ConfigDict instead. Deprecated in Pydantic V2.0 to be removed in V3.0. See Pydantic V2 Migration Guide at https://errors.pydantic.dev/2.12/migration/
[2026-02-28 21:55:42 +0500] [94317] [ERROR] Worker (pid:96652) was sent SIGSEGV!
[2026-02-28 21:55:42 +0500] [94317] [ERROR] Worker (pid:96660) was sent SIGSEGV!
[2026-02-28 21:55:43 +0500] [94317] [ERROR] Worker (pid:96661) was sent SIGSEGV!
/opt/homebrew/lib/python3.11/site-packages/airflow/serialization/pydantic/job.py:31 PydanticDeprecatedSince20: Support for class-based `config` is deprecated, use ConfigDict instead. Deprecated in Pydantic V2.0 to be removed in V3.0. See Pydantic V2 Migration Guide at https://errors.pydantic.dev/2.12/migration/
[2026-02-28 21:55:43 +0500] [94317] [ERROR] Worker (pid:96672) was sent SIGSEGV!
[2026-02-28 21:55:43 +0500] [94317] [ERROR] Worker (pid:96673) was sent SIGSEGV!
[2026-02-28 21:55:44 +0500] [94317] [ERROR] Worker (pid:96680) was sent SIGSEGV!
[2026-02-28 21:55:44 +0500] [94317] [ERROR] Worker (pid:96681) was sent SIGSEGV!
[2026-02-28 21:55:44 +0500] [94317] [ERROR] Worker (pid:96686) was sent SIGSEGV!
[2026-02-28 21:55:44 +0500] [94317] [ERROR] Worker (pid:96687) was sent SIGSEGV!
/opt/homebrew/lib/python3.11/site-packages/airflow/serialization/pydantic/job.py:31 PydanticDeprecatedSince20: Support for class-based `config` is deprecated, use ConfigDict instead. Deprecated in Pydantic V2.0 to be removed in V3.0. See Pydantic V2 Migration Guide at https://errors.pydantic.dev/2.12/migration/
[2026-02-28 21:55:45 +0500] [94317] [ERROR] Worker (pid:96693) was sent SIGSEGV!
[2026-02-28 21:55:45 +0500] [94317] [ERROR] Worker (pid:96694) was sent SIGSEGV!
[2026-02-28 21:55:45 +0500] [94317] [ERROR] Worker (pid:96704) was sent SIGSEGV!
[2026-02-28 21:55:46 +0500] [94317] [ERROR] Worker (pid:96705) was sent SIGSEGV!
[2026-02-28 21:55:46 +0500] [94317] [ERROR] Worker (pid:96710) was sent SIGSEGV!
[2026-02-28 21:55:46 +0500] [94317] [ERROR] Worker (pid:96711) was sent SIGSEGV!
/opt/homebrew/lib/python3.11/site-packages/airflow/serialization/pydantic/job.py:31 PydanticDeprecatedSince20: Support for class-based `config` is deprecated, use ConfigDict instead. Deprecated in Pydantic V2.0 to be removed in V3.0. See Pydantic V2 Migration Guide at https://errors.pydantic.dev/2.12/migration/
[2026-02-28 21:55:47 +0500] [94317] [ERROR] Worker (pid:96718) was sent SIGSEGV!
[2026-02-28 21:55:47 +0500] [94317] [ERROR] Worker (pid:96719) was sent SIGSEGV!
[2026-02-28 21:55:47 +0500] [94317] [ERROR] Worker (pid:96724) was sent SIGSEGV!
[2026-02-28 21:55:48 +0500] [94317] [ERROR] Worker (pid:96725) was sent SIGSEGV!
[2026-02-28 21:55:48 +0500] [94317] [ERROR] Worker (pid:96735) was sent SIGSEGV!
[2026-02-28 21:55:48 +0500] [94317] [ERROR] Worker (pid:96736) was sent SIGSEGV!
/opt/homebrew/lib/python3.11/site-packages/airflow/serialization/pydantic/job.py:31 PydanticDeprecatedSince20: Support for class-based `config` is deprecated, use ConfigDict instead. Deprecated in Pydantic V2.0 to be removed in V3.0. See Pydantic V2 Migration Guide at https://errors.pydantic.dev/2.12/migration/
[2026-02-28 21:55:49 +0500] [94317] [ERROR] Worker (pid:96742) was sent SIGSEGV!
[2026-02-28 21:55:49 +0500] [94317] [ERROR] Worker (pid:96743) was sent SIGSEGV!
[2026-02-28 21:55:49 +0500] [94317] [ERROR] Worker (pid:96752) was sent SIGSEGV!
[2026-02-28 21:55:49 +0500] [94317] [ERROR] Worker (pid:96753) was sent SIGSEGV!
[2026-02-28 21:55:50 +0500] [94317] [ERROR] Worker (pid:96758) was sent SIGSEGV!
[2026-02-28 21:55:50 +0500] [94317] [ERROR] Worker (pid:96759) was sent SIGSEGV!
/opt/homebrew/lib/python3.11/site-packages/airflow/serialization/pydantic/job.py:31 PydanticDeprecatedSince20: Support for class-based `config` is deprecated, use ConfigDict instead. Deprecated in Pydantic V2.0 to be removed in V3.0. See Pydantic V2 Migration Guide at https://errors.pydantic.dev/2.12/migration/
[2026-02-28 21:55:50 +0500] [94317] [ERROR] Worker (pid:96765) was sent SIGSEGV!
[2026-02-28 21:55:50 +0500] [94317] [ERROR] Worker (pid:96766) was sent SIGSEGV!
[2026-02-28 21:55:51 +0500] [94317] [ERROR] Worker (pid:96771) was sent SIGSEGV!
[2026-02-28 21:55:51 +0500] [94317] [ERROR] Worker (pid:96772) was sent SIGSEGV!
[2026-02-28 21:55:51 +0500] [94317] [ERROR] Worker (pid:96777) was sent SIGSEGV!
[2026-02-28 21:55:51 +0500] [94317] [ERROR] Worker (pid:96778) was sent SIGSEGV!
/opt/homebrew/lib/python3.11/site-packages/airflow/serialization/pydantic/job.py:31 PydanticDeprecatedSince20: Support for class-based `config` is deprecated, use ConfigDict instead. Deprecated in Pydantic V2.0 to be removed in V3.0. See Pydantic V2 Migration Guide at https://errors.pydantic.dev/2.12/migration/
[2026-02-28 21:55:52 +0500] [94317] [ERROR] Worker (pid:96784) was sent SIGSEGV!
[2026-02-28 21:55:52 +0500] [94317] [ERROR] Worker (pid:96785) was sent SIGSEGV!
/opt/homebrew/lib/python3.11/site-packages/airflow/serialization/pydantic/job.py:31 PydanticDeprecatedSince20: Support for class-based `config` is deprecated, use ConfigDict instead. Deprecated in Pydantic V2.0 to be removed in V3.0. See Pydantic V2 Migration Guide at https://errors.pydantic.dev/2.12/migration/
[2026-02-28 21:55:53 +0500] [94317] [ERROR] Worker (pid:96790) was sent SIGSEGV!
[2026-02-28 21:55:53 +0500] [94317] [ERROR] Worker (pid:96792) was sent SIGSEGV!
[2026-02-28 21:55:53 +0500] [94317] [ERROR] Worker (pid:96806) was sent SIGSEGV!
[2026-02-28 21:55:53 +0500] [94317] [ERROR] Worker (pid:96807) was sent SIGSEGV!
[2026-02-28 21:55:54 +0500] [94317] [INFO] Handling signal: term
[[34m2026-02-28T21:55:54.012+0500[0m] {[34mscheduler_job_runner.py:[0m247} INFO[0m - Exiting gracefully upon receiving signal 15[0m
[[34m2026-02-28T21:55:54.243+0500[0m] {[34mprocess_utils.py:[0m131} INFO[0m - Sending 15 to group 94318. PIDs of all processes in the group: [][0m
[[34m2026-02-28T21:55:54.243+0500[0m] {[34mprocess_utils.py:[0m86} INFO[0m - Sending the signal 15 to group 94318[0m
[[34m2026-02-28T21:55:54.243+0500[0m] {[34mprocess_utils.py:[0m100} INFO[0m - Sending the signal 15 to process 94318 as process group is missing.[0m
[[34m2026-02-28T21:55:54.249+0500[0m] {[34mprocess_utils.py:[0m131} INFO[0m - Sending 15 to group 94318. PIDs of all processes in the group: [][0m
[[34m2026-02-28T21:55:54.249+0500[0m] {[34mprocess_utils.py:[0m86} INFO[0m - Sending the signal 15 to group 94318[0m
[[34m2026-02-28T21:55:54.250+0500[0m] {[34mprocess_utils.py:[0m100} INFO[0m - Sending the signal 15 to process 94318 as process group is missing.[0m
[[34m2026-02-28T21:55:54.250+0500[0m] {[34mscheduler_job_runner.py:[0m873} INFO[0m - Exited execute loop[0m
[2026-02-28 21:55:54 +0500] [94317] [ERROR] Worker (pid:96906) was sent SIGSEGV!
[2026-02-28 21:55:54 +0500] [94317] [ERROR] Worker (pid:96933) was sent SIGSEGV!
[2026-02-28 21:55:54 +0500] [94317] [INFO] Shutting down: Master
