[2026-02-28T21:54:09.058+0500] {processor.py:157} INFO - Started process (PID=94331) to work on /Users/abdurrehmansubhani/Desktop/Abdullah/8th semester/NLP/Assignment 1/22i-2504-22i-2428-NLP-A1/airflow_home/dags/nlp_trend_dag.py
[2026-02-28T21:54:09.058+0500] {processor.py:829} INFO - Processing file /Users/abdurrehmansubhani/Desktop/Abdullah/8th semester/NLP/Assignment 1/22i-2504-22i-2428-NLP-A1/airflow_home/dags/nlp_trend_dag.py for tasks to queue
[2026-02-28T21:54:09.058+0500] {logging_mixin.py:154} INFO - [2026-02-28T21:54:09.058+0500] {dagbag.py:536} INFO - Filling up the DagBag from /Users/abdurrehmansubhani/Desktop/Abdullah/8th semester/NLP/Assignment 1/22i-2504-22i-2428-NLP-A1/airflow_home/dags/nlp_trend_dag.py
[2026-02-28T21:54:09.060+0500] {logging_mixin.py:154} WARNING - /opt/homebrew/lib/python3.11/site-packages/airflow/serialization/pydantic/dataset.py:23 PydanticDeprecatedSince20: Support for class-based `config` is deprecated, use ConfigDict instead. Deprecated in Pydantic V2.0 to be removed in V3.0. See Pydantic V2 Migration Guide at https://errors.pydantic.dev/2.12/migration/
[2026-02-28T21:54:09.061+0500] {logging_mixin.py:154} WARNING - /opt/homebrew/lib/python3.11/site-packages/airflow/serialization/pydantic/dataset.py:38 PydanticDeprecatedSince20: Support for class-based `config` is deprecated, use ConfigDict instead. Deprecated in Pydantic V2.0 to be removed in V3.0. See Pydantic V2 Migration Guide at https://errors.pydantic.dev/2.12/migration/
[2026-02-28T21:54:09.061+0500] {logging_mixin.py:154} WARNING - /opt/homebrew/lib/python3.11/site-packages/airflow/serialization/pydantic/dataset.py:54 PydanticDeprecatedSince20: Support for class-based `config` is deprecated, use ConfigDict instead. Deprecated in Pydantic V2.0 to be removed in V3.0. See Pydantic V2 Migration Guide at https://errors.pydantic.dev/2.12/migration/
[2026-02-28T21:54:09.062+0500] {logging_mixin.py:154} WARNING - /opt/homebrew/lib/python3.11/site-packages/airflow/serialization/pydantic/dataset.py:74 PydanticDeprecatedSince20: Support for class-based `config` is deprecated, use ConfigDict instead. Deprecated in Pydantic V2.0 to be removed in V3.0. See Pydantic V2 Migration Guide at https://errors.pydantic.dev/2.12/migration/
[2026-02-28T21:54:09.063+0500] {logging_mixin.py:154} WARNING - /opt/homebrew/lib/python3.11/site-packages/airflow/serialization/pydantic/dag_run.py:26 PydanticDeprecatedSince20: Support for class-based `config` is deprecated, use ConfigDict instead. Deprecated in Pydantic V2.0 to be removed in V3.0. See Pydantic V2 Migration Guide at https://errors.pydantic.dev/2.12/migration/
[2026-02-28T21:54:09.078+0500] {processor.py:839} INFO - DAG(s) dict_keys(['nlp_trend_pipeline']) retrieved from /Users/abdurrehmansubhani/Desktop/Abdullah/8th semester/NLP/Assignment 1/22i-2504-22i-2428-NLP-A1/airflow_home/dags/nlp_trend_dag.py
[2026-02-28T21:54:09.089+0500] {logging_mixin.py:154} WARNING - /opt/homebrew/lib/python3.11/site-packages/airflow/serialization/pydantic/taskinstance.py:27 PydanticDeprecatedSince20: Support for class-based `config` is deprecated, use ConfigDict instead. Deprecated in Pydantic V2.0 to be removed in V3.0. See Pydantic V2 Migration Guide at https://errors.pydantic.dev/2.12/migration/
[2026-02-28T21:54:09.157+0500] {logging_mixin.py:154} INFO - [2026-02-28T21:54:09.157+0500] {dag.py:2941} INFO - Sync 1 DAGs
[2026-02-28T21:54:09.161+0500] {logging_mixin.py:154} INFO - [2026-02-28T21:54:09.161+0500] {dag.py:3722} INFO - Setting next_dagrun for nlp_trend_pipeline to None, run_after=None
[2026-02-28T21:54:09.168+0500] {processor.py:179} INFO - Processing /Users/abdurrehmansubhani/Desktop/Abdullah/8th semester/NLP/Assignment 1/22i-2504-22i-2428-NLP-A1/airflow_home/dags/nlp_trend_dag.py took 0.110 seconds
[2026-02-28T21:55:35.864+0500] {processor.py:157} INFO - Started process (PID=96305) to work on /Users/abdurrehmansubhani/Desktop/Abdullah/8th semester/NLP/Assignment 1/22i-2504-22i-2428-NLP-A1/airflow_home/dags/nlp_trend_dag.py
[2026-02-28T21:55:35.864+0500] {processor.py:829} INFO - Processing file /Users/abdurrehmansubhani/Desktop/Abdullah/8th semester/NLP/Assignment 1/22i-2504-22i-2428-NLP-A1/airflow_home/dags/nlp_trend_dag.py for tasks to queue
[2026-02-28T21:55:35.865+0500] {logging_mixin.py:154} INFO - [2026-02-28T21:55:35.865+0500] {dagbag.py:536} INFO - Filling up the DagBag from /Users/abdurrehmansubhani/Desktop/Abdullah/8th semester/NLP/Assignment 1/22i-2504-22i-2428-NLP-A1/airflow_home/dags/nlp_trend_dag.py
[2026-02-28T21:55:35.866+0500] {logging_mixin.py:154} WARNING - /opt/homebrew/lib/python3.11/site-packages/airflow/serialization/pydantic/dataset.py:23 PydanticDeprecatedSince20: Support for class-based `config` is deprecated, use ConfigDict instead. Deprecated in Pydantic V2.0 to be removed in V3.0. See Pydantic V2 Migration Guide at https://errors.pydantic.dev/2.12/migration/
[2026-02-28T21:55:35.867+0500] {logging_mixin.py:154} WARNING - /opt/homebrew/lib/python3.11/site-packages/airflow/serialization/pydantic/dataset.py:38 PydanticDeprecatedSince20: Support for class-based `config` is deprecated, use ConfigDict instead. Deprecated in Pydantic V2.0 to be removed in V3.0. See Pydantic V2 Migration Guide at https://errors.pydantic.dev/2.12/migration/
[2026-02-28T21:55:35.868+0500] {logging_mixin.py:154} WARNING - /opt/homebrew/lib/python3.11/site-packages/airflow/serialization/pydantic/dataset.py:54 PydanticDeprecatedSince20: Support for class-based `config` is deprecated, use ConfigDict instead. Deprecated in Pydantic V2.0 to be removed in V3.0. See Pydantic V2 Migration Guide at https://errors.pydantic.dev/2.12/migration/
[2026-02-28T21:55:35.868+0500] {logging_mixin.py:154} WARNING - /opt/homebrew/lib/python3.11/site-packages/airflow/serialization/pydantic/dataset.py:74 PydanticDeprecatedSince20: Support for class-based `config` is deprecated, use ConfigDict instead. Deprecated in Pydantic V2.0 to be removed in V3.0. See Pydantic V2 Migration Guide at https://errors.pydantic.dev/2.12/migration/
[2026-02-28T21:55:35.869+0500] {logging_mixin.py:154} WARNING - /opt/homebrew/lib/python3.11/site-packages/airflow/serialization/pydantic/dag_run.py:26 PydanticDeprecatedSince20: Support for class-based `config` is deprecated, use ConfigDict instead. Deprecated in Pydantic V2.0 to be removed in V3.0. See Pydantic V2 Migration Guide at https://errors.pydantic.dev/2.12/migration/
[2026-02-28T21:55:35.881+0500] {processor.py:839} INFO - DAG(s) dict_keys(['nlp_trend_pipeline']) retrieved from /Users/abdurrehmansubhani/Desktop/Abdullah/8th semester/NLP/Assignment 1/22i-2504-22i-2428-NLP-A1/airflow_home/dags/nlp_trend_dag.py
[2026-02-28T21:55:35.890+0500] {logging_mixin.py:154} WARNING - /opt/homebrew/lib/python3.11/site-packages/airflow/serialization/pydantic/taskinstance.py:27 PydanticDeprecatedSince20: Support for class-based `config` is deprecated, use ConfigDict instead. Deprecated in Pydantic V2.0 to be removed in V3.0. See Pydantic V2 Migration Guide at https://errors.pydantic.dev/2.12/migration/
[2026-02-28T21:55:35.942+0500] {logging_mixin.py:154} INFO - [2026-02-28T21:55:35.942+0500] {dag.py:2941} INFO - Sync 1 DAGs
[2026-02-28T21:55:35.945+0500] {logging_mixin.py:154} INFO - [2026-02-28T21:55:35.945+0500] {dag.py:3722} INFO - Setting next_dagrun for nlp_trend_pipeline to None, run_after=None
[2026-02-28T21:55:35.952+0500] {processor.py:179} INFO - Processing /Users/abdurrehmansubhani/Desktop/Abdullah/8th semester/NLP/Assignment 1/22i-2504-22i-2428-NLP-A1/airflow_home/dags/nlp_trend_dag.py took 0.088 seconds
