[2026-02-28T21:54:28.412+0500] {processor.py:157} INFO - Started process (PID=94813) to work on /opt/homebrew/lib/python3.11/site-packages/airflow/example_dags/example_xcom.py
[2026-02-28T21:54:28.413+0500] {processor.py:829} INFO - Processing file /opt/homebrew/lib/python3.11/site-packages/airflow/example_dags/example_xcom.py for tasks to queue
[2026-02-28T21:54:28.413+0500] {logging_mixin.py:154} INFO - [2026-02-28T21:54:28.413+0500] {dagbag.py:536} INFO - Filling up the DagBag from /opt/homebrew/lib/python3.11/site-packages/airflow/example_dags/example_xcom.py
[2026-02-28T21:54:28.417+0500] {logging_mixin.py:154} WARNING - /opt/homebrew/lib/python3.11/site-packages/airflow/serialization/pydantic/dataset.py:23 PydanticDeprecatedSince20: Support for class-based `config` is deprecated, use ConfigDict instead. Deprecated in Pydantic V2.0 to be removed in V3.0. See Pydantic V2 Migration Guide at https://errors.pydantic.dev/2.12/migration/
[2026-02-28T21:54:28.418+0500] {logging_mixin.py:154} WARNING - /opt/homebrew/lib/python3.11/site-packages/airflow/serialization/pydantic/dataset.py:38 PydanticDeprecatedSince20: Support for class-based `config` is deprecated, use ConfigDict instead. Deprecated in Pydantic V2.0 to be removed in V3.0. See Pydantic V2 Migration Guide at https://errors.pydantic.dev/2.12/migration/
[2026-02-28T21:54:28.419+0500] {logging_mixin.py:154} WARNING - /opt/homebrew/lib/python3.11/site-packages/airflow/serialization/pydantic/dataset.py:54 PydanticDeprecatedSince20: Support for class-based `config` is deprecated, use ConfigDict instead. Deprecated in Pydantic V2.0 to be removed in V3.0. See Pydantic V2 Migration Guide at https://errors.pydantic.dev/2.12/migration/
[2026-02-28T21:54:28.419+0500] {logging_mixin.py:154} WARNING - /opt/homebrew/lib/python3.11/site-packages/airflow/serialization/pydantic/dataset.py:74 PydanticDeprecatedSince20: Support for class-based `config` is deprecated, use ConfigDict instead. Deprecated in Pydantic V2.0 to be removed in V3.0. See Pydantic V2 Migration Guide at https://errors.pydantic.dev/2.12/migration/
[2026-02-28T21:54:28.422+0500] {logging_mixin.py:154} WARNING - /opt/homebrew/lib/python3.11/site-packages/airflow/serialization/pydantic/dag_run.py:26 PydanticDeprecatedSince20: Support for class-based `config` is deprecated, use ConfigDict instead. Deprecated in Pydantic V2.0 to be removed in V3.0. See Pydantic V2 Migration Guide at https://errors.pydantic.dev/2.12/migration/
[2026-02-28T21:54:28.449+0500] {processor.py:839} INFO - DAG(s) dict_keys(['example_xcom']) retrieved from /opt/homebrew/lib/python3.11/site-packages/airflow/example_dags/example_xcom.py
[2026-02-28T21:54:28.458+0500] {logging_mixin.py:154} WARNING - /opt/homebrew/lib/python3.11/site-packages/airflow/serialization/pydantic/taskinstance.py:27 PydanticDeprecatedSince20: Support for class-based `config` is deprecated, use ConfigDict instead. Deprecated in Pydantic V2.0 to be removed in V3.0. See Pydantic V2 Migration Guide at https://errors.pydantic.dev/2.12/migration/
[2026-02-28T21:54:28.546+0500] {logging_mixin.py:154} INFO - [2026-02-28T21:54:28.546+0500] {dag.py:2941} INFO - Sync 1 DAGs
[2026-02-28T21:54:28.560+0500] {logging_mixin.py:154} INFO - [2026-02-28T21:54:28.560+0500] {dag.py:3722} INFO - Setting next_dagrun for example_xcom to 2021-01-01T00:00:00+00:00, run_after=2021-01-01T00:00:00+00:00
[2026-02-28T21:54:28.580+0500] {processor.py:179} INFO - Processing /opt/homebrew/lib/python3.11/site-packages/airflow/example_dags/example_xcom.py took 0.168 seconds
[2026-02-28T21:55:53.163+0500] {processor.py:157} INFO - Started process (PID=96791) to work on /opt/homebrew/lib/python3.11/site-packages/airflow/example_dags/example_xcom.py
[2026-02-28T21:55:53.164+0500] {processor.py:829} INFO - Processing file /opt/homebrew/lib/python3.11/site-packages/airflow/example_dags/example_xcom.py for tasks to queue
[2026-02-28T21:55:53.164+0500] {logging_mixin.py:154} INFO - [2026-02-28T21:55:53.164+0500] {dagbag.py:536} INFO - Filling up the DagBag from /opt/homebrew/lib/python3.11/site-packages/airflow/example_dags/example_xcom.py
[2026-02-28T21:55:53.168+0500] {logging_mixin.py:154} WARNING - /opt/homebrew/lib/python3.11/site-packages/airflow/serialization/pydantic/dataset.py:23 PydanticDeprecatedSince20: Support for class-based `config` is deprecated, use ConfigDict instead. Deprecated in Pydantic V2.0 to be removed in V3.0. See Pydantic V2 Migration Guide at https://errors.pydantic.dev/2.12/migration/
[2026-02-28T21:55:53.168+0500] {logging_mixin.py:154} WARNING - /opt/homebrew/lib/python3.11/site-packages/airflow/serialization/pydantic/dataset.py:38 PydanticDeprecatedSince20: Support for class-based `config` is deprecated, use ConfigDict instead. Deprecated in Pydantic V2.0 to be removed in V3.0. See Pydantic V2 Migration Guide at https://errors.pydantic.dev/2.12/migration/
[2026-02-28T21:55:53.169+0500] {logging_mixin.py:154} WARNING - /opt/homebrew/lib/python3.11/site-packages/airflow/serialization/pydantic/dataset.py:54 PydanticDeprecatedSince20: Support for class-based `config` is deprecated, use ConfigDict instead. Deprecated in Pydantic V2.0 to be removed in V3.0. See Pydantic V2 Migration Guide at https://errors.pydantic.dev/2.12/migration/
[2026-02-28T21:55:53.170+0500] {logging_mixin.py:154} WARNING - /opt/homebrew/lib/python3.11/site-packages/airflow/serialization/pydantic/dataset.py:74 PydanticDeprecatedSince20: Support for class-based `config` is deprecated, use ConfigDict instead. Deprecated in Pydantic V2.0 to be removed in V3.0. See Pydantic V2 Migration Guide at https://errors.pydantic.dev/2.12/migration/
[2026-02-28T21:55:53.171+0500] {logging_mixin.py:154} WARNING - /opt/homebrew/lib/python3.11/site-packages/airflow/serialization/pydantic/dag_run.py:26 PydanticDeprecatedSince20: Support for class-based `config` is deprecated, use ConfigDict instead. Deprecated in Pydantic V2.0 to be removed in V3.0. See Pydantic V2 Migration Guide at https://errors.pydantic.dev/2.12/migration/
[2026-02-28T21:55:53.187+0500] {processor.py:839} INFO - DAG(s) dict_keys(['example_xcom']) retrieved from /opt/homebrew/lib/python3.11/site-packages/airflow/example_dags/example_xcom.py
[2026-02-28T21:55:53.195+0500] {logging_mixin.py:154} WARNING - /opt/homebrew/lib/python3.11/site-packages/airflow/serialization/pydantic/taskinstance.py:27 PydanticDeprecatedSince20: Support for class-based `config` is deprecated, use ConfigDict instead. Deprecated in Pydantic V2.0 to be removed in V3.0. See Pydantic V2 Migration Guide at https://errors.pydantic.dev/2.12/migration/
[2026-02-28T21:55:53.248+0500] {logging_mixin.py:154} INFO - [2026-02-28T21:55:53.248+0500] {dag.py:2941} INFO - Sync 1 DAGs
[2026-02-28T21:55:53.254+0500] {logging_mixin.py:154} INFO - [2026-02-28T21:55:53.254+0500] {dag.py:3722} INFO - Setting next_dagrun for example_xcom to 2021-01-01T00:00:00+00:00, run_after=2021-01-01T00:00:00+00:00
[2026-02-28T21:55:53.260+0500] {processor.py:179} INFO - Processing /opt/homebrew/lib/python3.11/site-packages/airflow/example_dags/example_xcom.py took 0.098 seconds
