[2026-02-28T21:54:24.717+0500] {processor.py:157} INFO - Started process (PID=94757) to work on /opt/homebrew/lib/python3.11/site-packages/airflow/example_dags/tutorial.py
[2026-02-28T21:54:24.717+0500] {processor.py:829} INFO - Processing file /opt/homebrew/lib/python3.11/site-packages/airflow/example_dags/tutorial.py for tasks to queue
[2026-02-28T21:54:24.718+0500] {logging_mixin.py:154} INFO - [2026-02-28T21:54:24.718+0500] {dagbag.py:536} INFO - Filling up the DagBag from /opt/homebrew/lib/python3.11/site-packages/airflow/example_dags/tutorial.py
[2026-02-28T21:54:24.727+0500] {logging_mixin.py:154} WARNING - /opt/homebrew/lib/python3.11/site-packages/airflow/serialization/pydantic/dataset.py:23 PydanticDeprecatedSince20: Support for class-based `config` is deprecated, use ConfigDict instead. Deprecated in Pydantic V2.0 to be removed in V3.0. See Pydantic V2 Migration Guide at https://errors.pydantic.dev/2.12/migration/
[2026-02-28T21:54:24.728+0500] {logging_mixin.py:154} WARNING - /opt/homebrew/lib/python3.11/site-packages/airflow/serialization/pydantic/dataset.py:38 PydanticDeprecatedSince20: Support for class-based `config` is deprecated, use ConfigDict instead. Deprecated in Pydantic V2.0 to be removed in V3.0. See Pydantic V2 Migration Guide at https://errors.pydantic.dev/2.12/migration/
[2026-02-28T21:54:24.728+0500] {logging_mixin.py:154} WARNING - /opt/homebrew/lib/python3.11/site-packages/airflow/serialization/pydantic/dataset.py:54 PydanticDeprecatedSince20: Support for class-based `config` is deprecated, use ConfigDict instead. Deprecated in Pydantic V2.0 to be removed in V3.0. See Pydantic V2 Migration Guide at https://errors.pydantic.dev/2.12/migration/
[2026-02-28T21:54:24.729+0500] {logging_mixin.py:154} WARNING - /opt/homebrew/lib/python3.11/site-packages/airflow/serialization/pydantic/dataset.py:74 PydanticDeprecatedSince20: Support for class-based `config` is deprecated, use ConfigDict instead. Deprecated in Pydantic V2.0 to be removed in V3.0. See Pydantic V2 Migration Guide at https://errors.pydantic.dev/2.12/migration/
[2026-02-28T21:54:24.730+0500] {logging_mixin.py:154} WARNING - /opt/homebrew/lib/python3.11/site-packages/airflow/serialization/pydantic/dag_run.py:26 PydanticDeprecatedSince20: Support for class-based `config` is deprecated, use ConfigDict instead. Deprecated in Pydantic V2.0 to be removed in V3.0. See Pydantic V2 Migration Guide at https://errors.pydantic.dev/2.12/migration/
[2026-02-28T21:54:24.731+0500] {processor.py:839} INFO - DAG(s) dict_keys(['tutorial']) retrieved from /opt/homebrew/lib/python3.11/site-packages/airflow/example_dags/tutorial.py
[2026-02-28T21:54:24.741+0500] {logging_mixin.py:154} WARNING - /opt/homebrew/lib/python3.11/site-packages/airflow/serialization/pydantic/taskinstance.py:27 PydanticDeprecatedSince20: Support for class-based `config` is deprecated, use ConfigDict instead. Deprecated in Pydantic V2.0 to be removed in V3.0. See Pydantic V2 Migration Guide at https://errors.pydantic.dev/2.12/migration/
[2026-02-28T21:54:24.792+0500] {logging_mixin.py:154} INFO - [2026-02-28T21:54:24.792+0500] {dag.py:2941} INFO - Sync 1 DAGs
[2026-02-28T21:54:24.798+0500] {logging_mixin.py:154} INFO - [2026-02-28T21:54:24.798+0500] {dag.py:3722} INFO - Setting next_dagrun for tutorial to 2026-02-27T16:54:24.798178+00:00, run_after=2026-02-28T16:54:24.798178+00:00
[2026-02-28T21:54:24.805+0500] {processor.py:179} INFO - Processing /opt/homebrew/lib/python3.11/site-packages/airflow/example_dags/tutorial.py took 0.089 seconds
[2026-02-28T21:55:50.542+0500] {processor.py:157} INFO - Started process (PID=96763) to work on /opt/homebrew/lib/python3.11/site-packages/airflow/example_dags/tutorial.py
[2026-02-28T21:55:50.543+0500] {processor.py:829} INFO - Processing file /opt/homebrew/lib/python3.11/site-packages/airflow/example_dags/tutorial.py for tasks to queue
[2026-02-28T21:55:50.543+0500] {logging_mixin.py:154} INFO - [2026-02-28T21:55:50.543+0500] {dagbag.py:536} INFO - Filling up the DagBag from /opt/homebrew/lib/python3.11/site-packages/airflow/example_dags/tutorial.py
[2026-02-28T21:55:50.549+0500] {logging_mixin.py:154} WARNING - /opt/homebrew/lib/python3.11/site-packages/airflow/serialization/pydantic/dataset.py:23 PydanticDeprecatedSince20: Support for class-based `config` is deprecated, use ConfigDict instead. Deprecated in Pydantic V2.0 to be removed in V3.0. See Pydantic V2 Migration Guide at https://errors.pydantic.dev/2.12/migration/
[2026-02-28T21:55:50.550+0500] {logging_mixin.py:154} WARNING - /opt/homebrew/lib/python3.11/site-packages/airflow/serialization/pydantic/dataset.py:38 PydanticDeprecatedSince20: Support for class-based `config` is deprecated, use ConfigDict instead. Deprecated in Pydantic V2.0 to be removed in V3.0. See Pydantic V2 Migration Guide at https://errors.pydantic.dev/2.12/migration/
[2026-02-28T21:55:50.551+0500] {logging_mixin.py:154} WARNING - /opt/homebrew/lib/python3.11/site-packages/airflow/serialization/pydantic/dataset.py:54 PydanticDeprecatedSince20: Support for class-based `config` is deprecated, use ConfigDict instead. Deprecated in Pydantic V2.0 to be removed in V3.0. See Pydantic V2 Migration Guide at https://errors.pydantic.dev/2.12/migration/
[2026-02-28T21:55:50.551+0500] {logging_mixin.py:154} WARNING - /opt/homebrew/lib/python3.11/site-packages/airflow/serialization/pydantic/dataset.py:74 PydanticDeprecatedSince20: Support for class-based `config` is deprecated, use ConfigDict instead. Deprecated in Pydantic V2.0 to be removed in V3.0. See Pydantic V2 Migration Guide at https://errors.pydantic.dev/2.12/migration/
[2026-02-28T21:55:50.552+0500] {logging_mixin.py:154} WARNING - /opt/homebrew/lib/python3.11/site-packages/airflow/serialization/pydantic/dag_run.py:26 PydanticDeprecatedSince20: Support for class-based `config` is deprecated, use ConfigDict instead. Deprecated in Pydantic V2.0 to be removed in V3.0. See Pydantic V2 Migration Guide at https://errors.pydantic.dev/2.12/migration/
[2026-02-28T21:55:50.553+0500] {processor.py:839} INFO - DAG(s) dict_keys(['tutorial']) retrieved from /opt/homebrew/lib/python3.11/site-packages/airflow/example_dags/tutorial.py
[2026-02-28T21:55:50.566+0500] {logging_mixin.py:154} WARNING - /opt/homebrew/lib/python3.11/site-packages/airflow/serialization/pydantic/taskinstance.py:27 PydanticDeprecatedSince20: Support for class-based `config` is deprecated, use ConfigDict instead. Deprecated in Pydantic V2.0 to be removed in V3.0. See Pydantic V2 Migration Guide at https://errors.pydantic.dev/2.12/migration/
[2026-02-28T21:55:50.622+0500] {logging_mixin.py:154} INFO - [2026-02-28T21:55:50.622+0500] {dag.py:2941} INFO - Sync 1 DAGs
[2026-02-28T21:55:50.628+0500] {logging_mixin.py:154} INFO - [2026-02-28T21:55:50.628+0500] {dag.py:3722} INFO - Setting next_dagrun for tutorial to 2026-02-27T16:55:50.628209+00:00, run_after=2026-02-28T16:55:50.628209+00:00
[2026-02-28T21:55:50.635+0500] {processor.py:179} INFO - Processing /opt/homebrew/lib/python3.11/site-packages/airflow/example_dags/tutorial.py took 0.093 seconds
