[2026-02-28T21:54:21.118+0500] {processor.py:157} INFO - Started process (PID=94686) to work on /opt/homebrew/lib/python3.11/site-packages/airflow/example_dags/tutorial_taskflow_api.py
[2026-02-28T21:54:21.119+0500] {processor.py:829} INFO - Processing file /opt/homebrew/lib/python3.11/site-packages/airflow/example_dags/tutorial_taskflow_api.py for tasks to queue
[2026-02-28T21:54:21.119+0500] {logging_mixin.py:154} INFO - [2026-02-28T21:54:21.119+0500] {dagbag.py:536} INFO - Filling up the DagBag from /opt/homebrew/lib/python3.11/site-packages/airflow/example_dags/tutorial_taskflow_api.py
[2026-02-28T21:54:21.123+0500] {logging_mixin.py:154} WARNING - /opt/homebrew/lib/python3.11/site-packages/airflow/serialization/pydantic/dataset.py:23 PydanticDeprecatedSince20: Support for class-based `config` is deprecated, use ConfigDict instead. Deprecated in Pydantic V2.0 to be removed in V3.0. See Pydantic V2 Migration Guide at https://errors.pydantic.dev/2.12/migration/
[2026-02-28T21:54:21.124+0500] {logging_mixin.py:154} WARNING - /opt/homebrew/lib/python3.11/site-packages/airflow/serialization/pydantic/dataset.py:38 PydanticDeprecatedSince20: Support for class-based `config` is deprecated, use ConfigDict instead. Deprecated in Pydantic V2.0 to be removed in V3.0. See Pydantic V2 Migration Guide at https://errors.pydantic.dev/2.12/migration/
[2026-02-28T21:54:21.125+0500] {logging_mixin.py:154} WARNING - /opt/homebrew/lib/python3.11/site-packages/airflow/serialization/pydantic/dataset.py:54 PydanticDeprecatedSince20: Support for class-based `config` is deprecated, use ConfigDict instead. Deprecated in Pydantic V2.0 to be removed in V3.0. See Pydantic V2 Migration Guide at https://errors.pydantic.dev/2.12/migration/
[2026-02-28T21:54:21.126+0500] {logging_mixin.py:154} WARNING - /opt/homebrew/lib/python3.11/site-packages/airflow/serialization/pydantic/dataset.py:74 PydanticDeprecatedSince20: Support for class-based `config` is deprecated, use ConfigDict instead. Deprecated in Pydantic V2.0 to be removed in V3.0. See Pydantic V2 Migration Guide at https://errors.pydantic.dev/2.12/migration/
[2026-02-28T21:54:21.127+0500] {logging_mixin.py:154} WARNING - /opt/homebrew/lib/python3.11/site-packages/airflow/serialization/pydantic/dag_run.py:26 PydanticDeprecatedSince20: Support for class-based `config` is deprecated, use ConfigDict instead. Deprecated in Pydantic V2.0 to be removed in V3.0. See Pydantic V2 Migration Guide at https://errors.pydantic.dev/2.12/migration/
[2026-02-28T21:54:21.145+0500] {processor.py:839} INFO - DAG(s) dict_keys(['tutorial_taskflow_api']) retrieved from /opt/homebrew/lib/python3.11/site-packages/airflow/example_dags/tutorial_taskflow_api.py
[2026-02-28T21:54:21.151+0500] {logging_mixin.py:154} WARNING - /opt/homebrew/lib/python3.11/site-packages/airflow/serialization/pydantic/taskinstance.py:27 PydanticDeprecatedSince20: Support for class-based `config` is deprecated, use ConfigDict instead. Deprecated in Pydantic V2.0 to be removed in V3.0. See Pydantic V2 Migration Guide at https://errors.pydantic.dev/2.12/migration/
[2026-02-28T21:54:21.216+0500] {logging_mixin.py:154} INFO - [2026-02-28T21:54:21.215+0500] {dag.py:2941} INFO - Sync 1 DAGs
[2026-02-28T21:54:21.219+0500] {logging_mixin.py:154} INFO - [2026-02-28T21:54:21.219+0500] {dag.py:3722} INFO - Setting next_dagrun for tutorial_taskflow_api to None, run_after=None
[2026-02-28T21:54:21.225+0500] {processor.py:179} INFO - Processing /opt/homebrew/lib/python3.11/site-packages/airflow/example_dags/tutorial_taskflow_api.py took 0.107 seconds
[2026-02-28T21:55:47.018+0500] {processor.py:157} INFO - Started process (PID=96714) to work on /opt/homebrew/lib/python3.11/site-packages/airflow/example_dags/tutorial_taskflow_api.py
[2026-02-28T21:55:47.018+0500] {processor.py:829} INFO - Processing file /opt/homebrew/lib/python3.11/site-packages/airflow/example_dags/tutorial_taskflow_api.py for tasks to queue
[2026-02-28T21:55:47.019+0500] {logging_mixin.py:154} INFO - [2026-02-28T21:55:47.019+0500] {dagbag.py:536} INFO - Filling up the DagBag from /opt/homebrew/lib/python3.11/site-packages/airflow/example_dags/tutorial_taskflow_api.py
[2026-02-28T21:55:47.023+0500] {logging_mixin.py:154} WARNING - /opt/homebrew/lib/python3.11/site-packages/airflow/serialization/pydantic/dataset.py:23 PydanticDeprecatedSince20: Support for class-based `config` is deprecated, use ConfigDict instead. Deprecated in Pydantic V2.0 to be removed in V3.0. See Pydantic V2 Migration Guide at https://errors.pydantic.dev/2.12/migration/
[2026-02-28T21:55:47.023+0500] {logging_mixin.py:154} WARNING - /opt/homebrew/lib/python3.11/site-packages/airflow/serialization/pydantic/dataset.py:38 PydanticDeprecatedSince20: Support for class-based `config` is deprecated, use ConfigDict instead. Deprecated in Pydantic V2.0 to be removed in V3.0. See Pydantic V2 Migration Guide at https://errors.pydantic.dev/2.12/migration/
[2026-02-28T21:55:47.024+0500] {logging_mixin.py:154} WARNING - /opt/homebrew/lib/python3.11/site-packages/airflow/serialization/pydantic/dataset.py:54 PydanticDeprecatedSince20: Support for class-based `config` is deprecated, use ConfigDict instead. Deprecated in Pydantic V2.0 to be removed in V3.0. See Pydantic V2 Migration Guide at https://errors.pydantic.dev/2.12/migration/
[2026-02-28T21:55:47.025+0500] {logging_mixin.py:154} WARNING - /opt/homebrew/lib/python3.11/site-packages/airflow/serialization/pydantic/dataset.py:74 PydanticDeprecatedSince20: Support for class-based `config` is deprecated, use ConfigDict instead. Deprecated in Pydantic V2.0 to be removed in V3.0. See Pydantic V2 Migration Guide at https://errors.pydantic.dev/2.12/migration/
[2026-02-28T21:55:47.025+0500] {logging_mixin.py:154} WARNING - /opt/homebrew/lib/python3.11/site-packages/airflow/serialization/pydantic/dag_run.py:26 PydanticDeprecatedSince20: Support for class-based `config` is deprecated, use ConfigDict instead. Deprecated in Pydantic V2.0 to be removed in V3.0. See Pydantic V2 Migration Guide at https://errors.pydantic.dev/2.12/migration/
[2026-02-28T21:55:47.046+0500] {processor.py:839} INFO - DAG(s) dict_keys(['tutorial_taskflow_api']) retrieved from /opt/homebrew/lib/python3.11/site-packages/airflow/example_dags/tutorial_taskflow_api.py
[2026-02-28T21:55:47.052+0500] {logging_mixin.py:154} WARNING - /opt/homebrew/lib/python3.11/site-packages/airflow/serialization/pydantic/taskinstance.py:27 PydanticDeprecatedSince20: Support for class-based `config` is deprecated, use ConfigDict instead. Deprecated in Pydantic V2.0 to be removed in V3.0. See Pydantic V2 Migration Guide at https://errors.pydantic.dev/2.12/migration/
[2026-02-28T21:55:47.125+0500] {logging_mixin.py:154} INFO - [2026-02-28T21:55:47.125+0500] {dag.py:2941} INFO - Sync 1 DAGs
[2026-02-28T21:55:47.128+0500] {logging_mixin.py:154} INFO - [2026-02-28T21:55:47.128+0500] {dag.py:3722} INFO - Setting next_dagrun for tutorial_taskflow_api to None, run_after=None
[2026-02-28T21:55:47.134+0500] {processor.py:179} INFO - Processing /opt/homebrew/lib/python3.11/site-packages/airflow/example_dags/tutorial_taskflow_api.py took 0.117 seconds
