[2026-02-28T21:54:22.989+0500] {processor.py:157} INFO - Started process (PID=94726) to work on /opt/homebrew/lib/python3.11/site-packages/airflow/example_dags/tutorial_dag.py
[2026-02-28T21:54:22.989+0500] {processor.py:829} INFO - Processing file /opt/homebrew/lib/python3.11/site-packages/airflow/example_dags/tutorial_dag.py for tasks to queue
[2026-02-28T21:54:22.989+0500] {logging_mixin.py:154} INFO - [2026-02-28T21:54:22.989+0500] {dagbag.py:536} INFO - Filling up the DagBag from /opt/homebrew/lib/python3.11/site-packages/airflow/example_dags/tutorial_dag.py
[2026-02-28T21:54:22.991+0500] {logging_mixin.py:154} WARNING - /opt/homebrew/lib/python3.11/site-packages/airflow/serialization/pydantic/dataset.py:23 PydanticDeprecatedSince20: Support for class-based `config` is deprecated, use ConfigDict instead. Deprecated in Pydantic V2.0 to be removed in V3.0. See Pydantic V2 Migration Guide at https://errors.pydantic.dev/2.12/migration/
[2026-02-28T21:54:22.992+0500] {logging_mixin.py:154} WARNING - /opt/homebrew/lib/python3.11/site-packages/airflow/serialization/pydantic/dataset.py:38 PydanticDeprecatedSince20: Support for class-based `config` is deprecated, use ConfigDict instead. Deprecated in Pydantic V2.0 to be removed in V3.0. See Pydantic V2 Migration Guide at https://errors.pydantic.dev/2.12/migration/
[2026-02-28T21:54:22.993+0500] {logging_mixin.py:154} WARNING - /opt/homebrew/lib/python3.11/site-packages/airflow/serialization/pydantic/dataset.py:54 PydanticDeprecatedSince20: Support for class-based `config` is deprecated, use ConfigDict instead. Deprecated in Pydantic V2.0 to be removed in V3.0. See Pydantic V2 Migration Guide at https://errors.pydantic.dev/2.12/migration/
[2026-02-28T21:54:22.993+0500] {logging_mixin.py:154} WARNING - /opt/homebrew/lib/python3.11/site-packages/airflow/serialization/pydantic/dataset.py:74 PydanticDeprecatedSince20: Support for class-based `config` is deprecated, use ConfigDict instead. Deprecated in Pydantic V2.0 to be removed in V3.0. See Pydantic V2 Migration Guide at https://errors.pydantic.dev/2.12/migration/
[2026-02-28T21:54:22.994+0500] {logging_mixin.py:154} WARNING - /opt/homebrew/lib/python3.11/site-packages/airflow/serialization/pydantic/dag_run.py:26 PydanticDeprecatedSince20: Support for class-based `config` is deprecated, use ConfigDict instead. Deprecated in Pydantic V2.0 to be removed in V3.0. See Pydantic V2 Migration Guide at https://errors.pydantic.dev/2.12/migration/
[2026-02-28T21:54:23.005+0500] {processor.py:839} INFO - DAG(s) dict_keys(['tutorial_dag']) retrieved from /opt/homebrew/lib/python3.11/site-packages/airflow/example_dags/tutorial_dag.py
[2026-02-28T21:54:23.015+0500] {logging_mixin.py:154} WARNING - /opt/homebrew/lib/python3.11/site-packages/airflow/serialization/pydantic/taskinstance.py:27 PydanticDeprecatedSince20: Support for class-based `config` is deprecated, use ConfigDict instead. Deprecated in Pydantic V2.0 to be removed in V3.0. See Pydantic V2 Migration Guide at https://errors.pydantic.dev/2.12/migration/
[2026-02-28T21:54:23.068+0500] {logging_mixin.py:154} INFO - [2026-02-28T21:54:23.068+0500] {dag.py:2941} INFO - Sync 1 DAGs
[2026-02-28T21:54:23.071+0500] {logging_mixin.py:154} INFO - [2026-02-28T21:54:23.071+0500] {dag.py:3722} INFO - Setting next_dagrun for tutorial_dag to None, run_after=None
[2026-02-28T21:54:23.078+0500] {processor.py:179} INFO - Processing /opt/homebrew/lib/python3.11/site-packages/airflow/example_dags/tutorial_dag.py took 0.089 seconds
[2026-02-28T21:55:48.800+0500] {processor.py:157} INFO - Started process (PID=96740) to work on /opt/homebrew/lib/python3.11/site-packages/airflow/example_dags/tutorial_dag.py
[2026-02-28T21:55:48.800+0500] {processor.py:829} INFO - Processing file /opt/homebrew/lib/python3.11/site-packages/airflow/example_dags/tutorial_dag.py for tasks to queue
[2026-02-28T21:55:48.800+0500] {logging_mixin.py:154} INFO - [2026-02-28T21:55:48.800+0500] {dagbag.py:536} INFO - Filling up the DagBag from /opt/homebrew/lib/python3.11/site-packages/airflow/example_dags/tutorial_dag.py
[2026-02-28T21:55:48.802+0500] {logging_mixin.py:154} WARNING - /opt/homebrew/lib/python3.11/site-packages/airflow/serialization/pydantic/dataset.py:23 PydanticDeprecatedSince20: Support for class-based `config` is deprecated, use ConfigDict instead. Deprecated in Pydantic V2.0 to be removed in V3.0. See Pydantic V2 Migration Guide at https://errors.pydantic.dev/2.12/migration/
[2026-02-28T21:55:48.803+0500] {logging_mixin.py:154} WARNING - /opt/homebrew/lib/python3.11/site-packages/airflow/serialization/pydantic/dataset.py:38 PydanticDeprecatedSince20: Support for class-based `config` is deprecated, use ConfigDict instead. Deprecated in Pydantic V2.0 to be removed in V3.0. See Pydantic V2 Migration Guide at https://errors.pydantic.dev/2.12/migration/
[2026-02-28T21:55:48.803+0500] {logging_mixin.py:154} WARNING - /opt/homebrew/lib/python3.11/site-packages/airflow/serialization/pydantic/dataset.py:54 PydanticDeprecatedSince20: Support for class-based `config` is deprecated, use ConfigDict instead. Deprecated in Pydantic V2.0 to be removed in V3.0. See Pydantic V2 Migration Guide at https://errors.pydantic.dev/2.12/migration/
[2026-02-28T21:55:48.804+0500] {logging_mixin.py:154} WARNING - /opt/homebrew/lib/python3.11/site-packages/airflow/serialization/pydantic/dataset.py:74 PydanticDeprecatedSince20: Support for class-based `config` is deprecated, use ConfigDict instead. Deprecated in Pydantic V2.0 to be removed in V3.0. See Pydantic V2 Migration Guide at https://errors.pydantic.dev/2.12/migration/
[2026-02-28T21:55:48.805+0500] {logging_mixin.py:154} WARNING - /opt/homebrew/lib/python3.11/site-packages/airflow/serialization/pydantic/dag_run.py:26 PydanticDeprecatedSince20: Support for class-based `config` is deprecated, use ConfigDict instead. Deprecated in Pydantic V2.0 to be removed in V3.0. See Pydantic V2 Migration Guide at https://errors.pydantic.dev/2.12/migration/
[2026-02-28T21:55:48.816+0500] {processor.py:839} INFO - DAG(s) dict_keys(['tutorial_dag']) retrieved from /opt/homebrew/lib/python3.11/site-packages/airflow/example_dags/tutorial_dag.py
[2026-02-28T21:55:48.825+0500] {logging_mixin.py:154} WARNING - /opt/homebrew/lib/python3.11/site-packages/airflow/serialization/pydantic/taskinstance.py:27 PydanticDeprecatedSince20: Support for class-based `config` is deprecated, use ConfigDict instead. Deprecated in Pydantic V2.0 to be removed in V3.0. See Pydantic V2 Migration Guide at https://errors.pydantic.dev/2.12/migration/
[2026-02-28T21:55:48.875+0500] {logging_mixin.py:154} INFO - [2026-02-28T21:55:48.875+0500] {dag.py:2941} INFO - Sync 1 DAGs
[2026-02-28T21:55:48.879+0500] {logging_mixin.py:154} INFO - [2026-02-28T21:55:48.879+0500] {dag.py:3722} INFO - Setting next_dagrun for tutorial_dag to None, run_after=None
[2026-02-28T21:55:48.886+0500] {processor.py:179} INFO - Processing /opt/homebrew/lib/python3.11/site-packages/airflow/example_dags/tutorial_dag.py took 0.086 seconds
