[2026-02-28T21:54:11.017+0500] {processor.py:157} INFO - Started process (PID=94374) to work on /opt/homebrew/lib/python3.11/site-packages/airflow/example_dags/subdags/subdag.py
[2026-02-28T21:54:11.017+0500] {processor.py:829} INFO - Processing file /opt/homebrew/lib/python3.11/site-packages/airflow/example_dags/subdags/subdag.py for tasks to queue
[2026-02-28T21:54:11.017+0500] {logging_mixin.py:154} INFO - [2026-02-28T21:54:11.017+0500] {dagbag.py:536} INFO - Filling up the DagBag from /opt/homebrew/lib/python3.11/site-packages/airflow/example_dags/subdags/subdag.py
[2026-02-28T21:54:11.019+0500] {processor.py:841} WARNING - No viable dags retrieved from /opt/homebrew/lib/python3.11/site-packages/airflow/example_dags/subdags/subdag.py
[2026-02-28T21:54:11.024+0500] {logging_mixin.py:154} WARNING - /opt/homebrew/lib/python3.11/site-packages/airflow/serialization/pydantic/dataset.py:23 PydanticDeprecatedSince20: Support for class-based `config` is deprecated, use ConfigDict instead. Deprecated in Pydantic V2.0 to be removed in V3.0. See Pydantic V2 Migration Guide at https://errors.pydantic.dev/2.12/migration/
[2026-02-28T21:54:11.025+0500] {logging_mixin.py:154} WARNING - /opt/homebrew/lib/python3.11/site-packages/airflow/serialization/pydantic/dataset.py:38 PydanticDeprecatedSince20: Support for class-based `config` is deprecated, use ConfigDict instead. Deprecated in Pydantic V2.0 to be removed in V3.0. See Pydantic V2 Migration Guide at https://errors.pydantic.dev/2.12/migration/
[2026-02-28T21:54:11.026+0500] {logging_mixin.py:154} WARNING - /opt/homebrew/lib/python3.11/site-packages/airflow/serialization/pydantic/dataset.py:54 PydanticDeprecatedSince20: Support for class-based `config` is deprecated, use ConfigDict instead. Deprecated in Pydantic V2.0 to be removed in V3.0. See Pydantic V2 Migration Guide at https://errors.pydantic.dev/2.12/migration/
[2026-02-28T21:54:11.027+0500] {logging_mixin.py:154} WARNING - /opt/homebrew/lib/python3.11/site-packages/airflow/serialization/pydantic/dataset.py:74 PydanticDeprecatedSince20: Support for class-based `config` is deprecated, use ConfigDict instead. Deprecated in Pydantic V2.0 to be removed in V3.0. See Pydantic V2 Migration Guide at https://errors.pydantic.dev/2.12/migration/
[2026-02-28T21:54:11.028+0500] {logging_mixin.py:154} WARNING - /opt/homebrew/lib/python3.11/site-packages/airflow/serialization/pydantic/dag_run.py:26 PydanticDeprecatedSince20: Support for class-based `config` is deprecated, use ConfigDict instead. Deprecated in Pydantic V2.0 to be removed in V3.0. See Pydantic V2 Migration Guide at https://errors.pydantic.dev/2.12/migration/
[2026-02-28T21:54:11.039+0500] {logging_mixin.py:154} WARNING - /opt/homebrew/lib/python3.11/site-packages/airflow/serialization/pydantic/taskinstance.py:27 PydanticDeprecatedSince20: Support for class-based `config` is deprecated, use ConfigDict instead. Deprecated in Pydantic V2.0 to be removed in V3.0. See Pydantic V2 Migration Guide at https://errors.pydantic.dev/2.12/migration/
[2026-02-28T21:54:11.070+0500] {processor.py:179} INFO - Processing /opt/homebrew/lib/python3.11/site-packages/airflow/example_dags/subdags/subdag.py took 0.053 seconds
[2026-02-28T21:55:37.688+0500] {processor.py:157} INFO - Started process (PID=96327) to work on /opt/homebrew/lib/python3.11/site-packages/airflow/example_dags/subdags/subdag.py
[2026-02-28T21:55:37.689+0500] {processor.py:829} INFO - Processing file /opt/homebrew/lib/python3.11/site-packages/airflow/example_dags/subdags/subdag.py for tasks to queue
[2026-02-28T21:55:37.689+0500] {logging_mixin.py:154} INFO - [2026-02-28T21:55:37.689+0500] {dagbag.py:536} INFO - Filling up the DagBag from /opt/homebrew/lib/python3.11/site-packages/airflow/example_dags/subdags/subdag.py
[2026-02-28T21:55:37.690+0500] {processor.py:841} WARNING - No viable dags retrieved from /opt/homebrew/lib/python3.11/site-packages/airflow/example_dags/subdags/subdag.py
[2026-02-28T21:55:37.696+0500] {logging_mixin.py:154} WARNING - /opt/homebrew/lib/python3.11/site-packages/airflow/serialization/pydantic/dataset.py:23 PydanticDeprecatedSince20: Support for class-based `config` is deprecated, use ConfigDict instead. Deprecated in Pydantic V2.0 to be removed in V3.0. See Pydantic V2 Migration Guide at https://errors.pydantic.dev/2.12/migration/
[2026-02-28T21:55:37.697+0500] {logging_mixin.py:154} WARNING - /opt/homebrew/lib/python3.11/site-packages/airflow/serialization/pydantic/dataset.py:38 PydanticDeprecatedSince20: Support for class-based `config` is deprecated, use ConfigDict instead. Deprecated in Pydantic V2.0 to be removed in V3.0. See Pydantic V2 Migration Guide at https://errors.pydantic.dev/2.12/migration/
[2026-02-28T21:55:37.697+0500] {logging_mixin.py:154} WARNING - /opt/homebrew/lib/python3.11/site-packages/airflow/serialization/pydantic/dataset.py:54 PydanticDeprecatedSince20: Support for class-based `config` is deprecated, use ConfigDict instead. Deprecated in Pydantic V2.0 to be removed in V3.0. See Pydantic V2 Migration Guide at https://errors.pydantic.dev/2.12/migration/
[2026-02-28T21:55:37.698+0500] {logging_mixin.py:154} WARNING - /opt/homebrew/lib/python3.11/site-packages/airflow/serialization/pydantic/dataset.py:74 PydanticDeprecatedSince20: Support for class-based `config` is deprecated, use ConfigDict instead. Deprecated in Pydantic V2.0 to be removed in V3.0. See Pydantic V2 Migration Guide at https://errors.pydantic.dev/2.12/migration/
[2026-02-28T21:55:37.699+0500] {logging_mixin.py:154} WARNING - /opt/homebrew/lib/python3.11/site-packages/airflow/serialization/pydantic/dag_run.py:26 PydanticDeprecatedSince20: Support for class-based `config` is deprecated, use ConfigDict instead. Deprecated in Pydantic V2.0 to be removed in V3.0. See Pydantic V2 Migration Guide at https://errors.pydantic.dev/2.12/migration/
[2026-02-28T21:55:37.709+0500] {logging_mixin.py:154} WARNING - /opt/homebrew/lib/python3.11/site-packages/airflow/serialization/pydantic/taskinstance.py:27 PydanticDeprecatedSince20: Support for class-based `config` is deprecated, use ConfigDict instead. Deprecated in Pydantic V2.0 to be removed in V3.0. See Pydantic V2 Migration Guide at https://errors.pydantic.dev/2.12/migration/
[2026-02-28T21:55:37.735+0500] {processor.py:179} INFO - Processing /opt/homebrew/lib/python3.11/site-packages/airflow/example_dags/subdags/subdag.py took 0.047 seconds
